main.c:196:5:main	8	static
main.c:321:6:SystemClock_Config	104	static
main.c:368:13:MX_ADC_Init	24	static
main.c:427:13:MX_I2C1_Init	8	static
main.c:473:13:MX_SPI1_Init	8	static
main.c:513:13:MX_SPI2_Init	8	static
main.c:553:13:MX_TIM3_Init	64	static
main.c:612:13:MX_USART2_UART_Init	8	static
main.c:647:13:MX_GPIO_Init	56	static
main.c:705:6:HAL_UART_TxCpltCallback	16	static
main.c:709:6:HAL_UART_RxCpltCallback	16	static
main.c:714:6:HAL_GPIO_EXTI_Callback	16	static
main.c:730:6:StartDefaultTask	16	static
main.c:750:6:uart_rx_task	32	static
main.c:843:6:adc_task	32	static
main.c:891:6:stepper_task	24	static
main.c:946:6:servo_Task	24	static
main.c:1002:6:enviar_estado_Task	40	static
main.c:1058:6:enviar_tmp_task	40	static
main.c:1086:6:oled_Task	88	static
main.c:1144:6:CAN_remote_task	80	static
main.c:1283:6:HAL_TIM_PeriodElapsedCallback	16	static
main.c:1300:6:Error_Handler	8	static,ignoring_inline_asm
