Archive member included to satisfy reference by file (symbol)

c:/st/stm32cubeide_1.5.1/stm32cubeide/plugins/com.st.stm32cube.ide.mcu.externaltools.gnu-tools-for-stm32.7-2018-q2-update.win32_1.5.0.202011040924/tools/bin/../lib/gcc/arm-none-eabi/7.3.1/../../../../arm-none-eabi/lib/thumb/v6-m\libm.a(lib_a-s_cos.o)
                              Core/Src/ssd1306.o (cos)
c:/st/stm32cubeide_1.5.1/stm32cubeide/plugins/com.st.stm32cube.ide.mcu.externaltools.gnu-tools-for-stm32.7-2018-q2-update.win32_1.5.0.202011040924/tools/bin/../lib/gcc/arm-none-eabi/7.3.1/../../../../arm-none-eabi/lib/thumb/v6-m\libm.a(lib_a-s_sin.o)
                              Core/Src/ssd1306.o (sin)
c:/st/stm32cubeide_1.5.1/stm32cubeide/plugins/com.st.stm32cube.ide.mcu.externaltools.gnu-tools-for-stm32.7-2018-q2-update.win32_1.5.0.202011040924/tools/bin/../lib/gcc/arm-none-eabi/7.3.1/../../../../arm-none-eabi/lib/thumb/v6-m\libm.a(lib_a-e_rem_pio2.o)
                              c:/st/stm32cubeide_1.5.1/stm32cubeide/plugins/com.st.stm32cube.ide.mcu.externaltools.gnu-tools-for-stm32.7-2018-q2-update.win32_1.5.0.202011040924/tools/bin/../lib/gcc/arm-none-eabi/7.3.1/../../../../arm-none-eabi/lib/thumb/v6-m\libm.a(lib_a-s_cos.o) (__ieee754_rem_pio2)
c:/st/stm32cubeide_1.5.1/stm32cubeide/plugins/com.st.stm32cube.ide.mcu.externaltools.gnu-tools-for-stm32.7-2018-q2-update.win32_1.5.0.202011040924/tools/bin/../lib/gcc/arm-none-eabi/7.3.1/../../../../arm-none-eabi/lib/thumb/v6-m\libm.a(lib_a-k_cos.o)
                              c:/st/stm32cubeide_1.5.1/stm32cubeide/plugins/com.st.stm32cube.ide.mcu.externaltools.gnu-tools-for-stm32.7-2018-q2-update.win32_1.5.0.202011040924/tools/bin/../lib/gcc/arm-none-eabi/7.3.1/../../../../arm-none-eabi/lib/thumb/v6-m\libm.a(lib_a-s_cos.o) (__kernel_cos)
c:/st/stm32cubeide_1.5.1/stm32cubeide/plugins/com.st.stm32cube.ide.mcu.externaltools.gnu-tools-for-stm32.7-2018-q2-update.win32_1.5.0.202011040924/tools/bin/../lib/gcc/arm-none-eabi/7.3.1/../../../../arm-none-eabi/lib/thumb/v6-m\libm.a(lib_a-k_rem_pio2.o)
                              c:/st/stm32cubeide_1.5.1/stm32cubeide/plugins/com.st.stm32cube.ide.mcu.externaltools.gnu-tools-for-stm32.7-2018-q2-update.win32_1.5.0.202011040924/tools/bin/../lib/gcc/arm-none-eabi/7.3.1/../../../../arm-none-eabi/lib/thumb/v6-m\libm.a(lib_a-e_rem_pio2.o) (__kernel_rem_pio2)
c:/st/stm32cubeide_1.5.1/stm32cubeide/plugins/com.st.stm32cube.ide.mcu.externaltools.gnu-tools-for-stm32.7-2018-q2-update.win32_1.5.0.202011040924/tools/bin/../lib/gcc/arm-none-eabi/7.3.1/../../../../arm-none-eabi/lib/thumb/v6-m\libm.a(lib_a-k_sin.o)
                              c:/st/stm32cubeide_1.5.1/stm32cubeide/plugins/com.st.stm32cube.ide.mcu.externaltools.gnu-tools-for-stm32.7-2018-q2-update.win32_1.5.0.202011040924/tools/bin/../lib/gcc/arm-none-eabi/7.3.1/../../../../arm-none-eabi/lib/thumb/v6-m\libm.a(lib_a-s_cos.o) (__kernel_sin)
c:/st/stm32cubeide_1.5.1/stm32cubeide/plugins/com.st.stm32cube.ide.mcu.externaltools.gnu-tools-for-stm32.7-2018-q2-update.win32_1.5.0.202011040924/tools/bin/../lib/gcc/arm-none-eabi/7.3.1/../../../../arm-none-eabi/lib/thumb/v6-m\libm.a(lib_a-s_fabs.o)
                              c:/st/stm32cubeide_1.5.1/stm32cubeide/plugins/com.st.stm32cube.ide.mcu.externaltools.gnu-tools-for-stm32.7-2018-q2-update.win32_1.5.0.202011040924/tools/bin/../lib/gcc/arm-none-eabi/7.3.1/../../../../arm-none-eabi/lib/thumb/v6-m\libm.a(lib_a-e_rem_pio2.o) (fabs)
c:/st/stm32cubeide_1.5.1/stm32cubeide/plugins/com.st.stm32cube.ide.mcu.externaltools.gnu-tools-for-stm32.7-2018-q2-update.win32_1.5.0.202011040924/tools/bin/../lib/gcc/arm-none-eabi/7.3.1/../../../../arm-none-eabi/lib/thumb/v6-m\libm.a(lib_a-s_floor.o)
                              c:/st/stm32cubeide_1.5.1/stm32cubeide/plugins/com.st.stm32cube.ide.mcu.externaltools.gnu-tools-for-stm32.7-2018-q2-update.win32_1.5.0.202011040924/tools/bin/../lib/gcc/arm-none-eabi/7.3.1/../../../../arm-none-eabi/lib/thumb/v6-m\libm.a(lib_a-k_rem_pio2.o) (floor)
c:/st/stm32cubeide_1.5.1/stm32cubeide/plugins/com.st.stm32cube.ide.mcu.externaltools.gnu-tools-for-stm32.7-2018-q2-update.win32_1.5.0.202011040924/tools/bin/../lib/gcc/arm-none-eabi/7.3.1/../../../../arm-none-eabi/lib/thumb/v6-m\libm.a(lib_a-s_scalbn.o)
                              c:/st/stm32cubeide_1.5.1/stm32cubeide/plugins/com.st.stm32cube.ide.mcu.externaltools.gnu-tools-for-stm32.7-2018-q2-update.win32_1.5.0.202011040924/tools/bin/../lib/gcc/arm-none-eabi/7.3.1/../../../../arm-none-eabi/lib/thumb/v6-m\libm.a(lib_a-k_rem_pio2.o) (scalbn)
c:/st/stm32cubeide_1.5.1/stm32cubeide/plugins/com.st.stm32cube.ide.mcu.externaltools.gnu-tools-for-stm32.7-2018-q2-update.win32_1.5.0.202011040924/tools/bin/../lib/gcc/arm-none-eabi/7.3.1/../../../../arm-none-eabi/lib/thumb/v6-m\libm.a(lib_a-s_copysign.o)
[...]
Memory Configuration

Name             Origin             Length             Attributes
RAM              0x0000000020000000 0x0000000000004000 xrw
FLASH            0x0000000008000000 0x0000000000020000 xr
*default*        0x0000000000000000 0xffffffffffffffff

Linker script and memory map

LOAD c:/st/stm32cubeide_1.5.1/stm32cubeide/plugins/com.st.stm32cube.ide.mcu.externaltools.gnu-tools-for-stm32.7-2018-q2-update.win32_1.5.0.202011040924/tools/bin/../lib/gcc/arm-none-eabi/7.3.1/thumb/v6-m/crti.o
LOAD c:/st/stm32cubeide_1.5.1/stm32cubeide/plugins/com.st.stm32cube.ide.mcu.externaltools.gnu-tools-for-stm32.7-2018-q2-update.win32_1.5.0.202011040924/tools/bin/../lib/gcc/arm-none-eabi/7.3.1/thumb/v6-m/crtbegin.o
LOAD c:/st/stm32cubeide_1.5.1/stm32cubeide/plugins/com.st.stm32cube.ide.mcu.externaltools.gnu-tools-for-stm32.7-2018-q2-update.win32_1.5.0.202011040924/tools/bin/../lib/gcc/arm-none-eabi/7.3.1/../../../../arm-none-eabi/lib/thumb/v6-m/crt0.o
LOAD Core/Src/CANSPI.o
LOAD Core/Src/MCP2515.o
LOAD Core/Src/freertos.o
LOAD Core/Src/main.o
LOAD Core/Src/ssd1306.o
LOAD Core/Src/ssd1306_fonts.o
LOAD Core/Src/ssd1306_tests.o
LOAD Core/Src/stm32f0xx_hal_msp.o
LOAD Core/Src/stm32f0xx_hal_timebase_tim.o
LOAD Core/Src/stm32f0xx_it.o
LOAD Core/Src/syscalls.o
LOAD Core/Src/sysmem.o
LOAD Core/Src/system_stm32f0xx.o
LOAD Core/Startup/startup_stm32f070rbtx.o
LOAD Drivers/STM32F0xx_HAL_Driver/Src/stm32f0xx_hal.o
LOAD Drivers/STM32F0xx_HAL_Driver/Src/stm32f0xx_hal_adc.o
LOAD Drivers/STM32F0xx_HAL_Driver/Src/stm32f0xx_hal_adc_ex.o
LOAD Drivers/STM32F0xx_HAL_Driver/Src/stm32f0xx_hal_cortex.o
LOAD Drivers/STM32F0xx_HAL_Driver/Src/stm32f0xx_hal_dma.o
LOAD Drivers/STM32F0xx_HAL_Driver/Src/stm32f0xx_hal_exti.o
LOAD Drivers/STM32F0xx_HAL_Driver/Src/stm32f0xx_hal_flash.o
LOAD Drivers/STM32F0xx_HAL_Driver/Src/stm32f0xx_hal_flash_ex.o
LOAD Drivers/STM32F0xx_HAL_Driver/Src/stm32f0xx_hal_gpio.o
LOAD Drivers/STM32F0xx_HAL_Driver/Src/stm32f0xx_hal_i2c.o
LOAD Drivers/STM32F0xx_HAL_Driver/Src/stm32f0xx_hal_i2c_ex.o
LOAD Drivers/STM32F0xx_HAL_Driver/Src/stm32f0xx_hal_pwr.o
LOAD Drivers/STM32F0xx_HAL_Driver/Src/stm32f0xx_hal_pwr_ex.o
LOAD Drivers/STM32F0xx_HAL_Driver/Src/stm32f0xx_hal_rcc.o
LOAD Drivers/STM32F0xx_HAL_Driver/Src/stm32f0xx_hal_rcc_ex.o
LOAD Drivers/STM32F0xx_HAL_Driver/Src/stm32f0xx_hal_spi.o
LOAD Drivers/STM32F0xx_HAL_Driver/Src/stm32f0xx_hal_spi_ex.o
LOAD Drivers/STM32F0xx_HAL_Driver/Src/stm32f0xx_hal_tim.o
LOAD Drivers/STM32F0xx_HAL_Driver/Src/stm32f0xx_hal_tim_ex.o
LOAD Drivers/STM32F0xx_HAL_Driver/Src/stm32f0xx_hal_uart.o
LOAD Drivers/STM32F0xx_HAL_Driver/Src/stm32f0xx_hal_uart_ex.o
LOAD Middlewares/Third_Party/FreeRTOS/Source/CMSIS_RTOS_V2/cmsis_os2.o
LOAD Middlewares/Third_Party/FreeRTOS/Source/croutine.o
LOAD Middlewares/Third_Party/FreeRTOS/Source/event_groups.o
LOAD Middlewares/Third_Party/FreeRTOS/Source/list.o
LOAD Middlewares/Third_Party/FreeRTOS/Source/queue.o
LOAD Middlewares/Third_Party/FreeRTOS/Source/stream_buffer.o
LOAD Middlewares/Third_Party/FreeRTOS/Source/tasks.o
LOAD Middlewares/Third_Party/FreeRTOS/Source/timers.o
LOAD Middlewares/Third_Party/FreeRTOS/Source/portable/GCC/ARM_CM0/port.o
LOAD Middlewares/Third_Party/FreeRTOS/Source/portable/MemMang/heap_4.o
START GROUP
LOAD c:/st/stm32cubeide_1.5.1/stm32cubeide/plugins/com.st.stm32cube.ide.mcu.externaltools.gnu-tools-for-stm32.7-2018-q2-update.win32_1.5.0.202011040924/tools/bin/../lib/gcc/arm-none-eabi/7.3.1/../../../../arm-none-eabi/lib/thumb/v6-m\libstdc++_nano.a
LOAD c:/st/stm32cubeide_1.5.1/stm32cubeide/plugins/com.st.stm32cube.ide.mcu.externaltools.gnu-tools-for-stm32.7-2018-q2-update.win32_1.5.0.202011040924/tools/bin/../lib/gcc/arm-none-eabi/7.3.1/../../../../arm-none-eabi/lib/thumb/v6-m\libsupc++_nano.a
END GROUP
LOAD c:/st/stm32cubeide_1.5.1/stm32cubeide/plugins/com.st.stm32cube.ide.mcu.externaltools.gnu-tools-for-stm32.7-2018-q2-update.win32_1.5.0.202011040924/tools/bin/../lib/gcc/arm-none-eabi/7.3.1/../../../../arm-none-eabi/lib/thumb/v6-m\libstdc++_nano.a
LOAD c:/st/stm32cubeide_1.5.1/stm32cubeide/plugins/com.st.stm32cube.ide.mcu.externaltools.gnu-tools-for-stm32.7-2018-q2-update.win32_1.5.0.202011040924/tools/bin/../lib/gcc/arm-none-eabi/7.3.1/../../../../arm-none-eabi/lib/thumb/v6-m\libm.a
LOAD c:/st/stm32cubeide_1.5.1/stm32cubeide/plugins/com.st.stm32cube.ide.mcu.externaltools.gnu-tools-for-stm32.7-2018-q2-update.win32_1.5.0.202011040924/tools/bin/../lib/gcc/arm-none-eabi/7.3.1/../../../../arm-none-eabi/lib/thumb/v6-m\libc_nano.a
START GROUP
LOAD c:/st/stm32cubeide_1.5.1/stm32cubeide/plugins/com.st.stm32cube.ide.mcu.externaltools.gnu-tools-for-stm32.7-2018-q2-update.win32_1.5.0.202011040924/tools/bin/../lib/gcc/arm-none-eabi/7.3.1/thumb/v6-m\libgcc.a
LOAD c:/st/stm32cubeide_1.5.1/stm32cubeide/plugins/com.st.stm32cube.ide.mcu.externaltools.gnu-tools-for-stm32.7-2018-q2-update.win32_1.5.0.202011040924/tools/bin/../lib/gcc/arm-none-eabi/7.3.1/../../../../arm-none-eabi/lib/thumb/v6-m\libc_nano.a
END GROUP
START GROUP
LOAD c:/st/stm32cubeide_1.5.1/stm32cubeide/plugins/com.st.stm32cube.ide.mcu.externaltools.gnu-tools-for-stm32.7-2018-q2-update.win32_1.5.0.202011040924/tools/bin/../lib/gcc/arm-none-eabi/7.3.1/thumb/v6-m\libgcc.a
LOAD c:/st/stm32cubeide_1.5.1/stm32cubeide/plugins/com.st.stm32cube.ide.mcu.externaltools.gnu-tools-for-stm32.7-2018-q2-update.win32_1.5.0.202011040924/tools/bin/../lib/gcc/arm-none-eabi/7.3.1/../../../../arm-none-eabi/lib/thumb/v6-m\libc_nano.a
LOAD c:/st/stm32cubeide_1.5.1/stm32cubeide/plugins/com.st.stm32cube.ide.mcu.externaltools.gnu-tools-for-stm32.7-2018-q2-update.win32_1.5.0.202011040924/tools/bin/../lib/gcc/arm-none-eabi/7.3.1/../../../../arm-none-eabi/lib/thumb/v6-m\libnosys.a
END GROUP
START GROUP
LOAD c:/st/stm32cubeide_1.5.1/stm32cubeide/plugins/com.st.stm32cube.ide.mcu.externaltools.gnu-tools-for-stm32.7-2018-q2-update.win32_1.5.0.202011040924/tools/bin/../lib/gcc/arm-none-eabi/7.3.1/thumb/v6-m\libgcc.a
LOAD c:/st/stm32cubeide_1.5.1/stm32cubeide/plugins/com.st.stm32cube.ide.mcu.externaltools.gnu-tools-for-stm32.7-2018-q2-update.win32_1.5.0.202011040924/tools/bin/../lib/gcc/arm-none-eabi/7.3.1/../../../../arm-none-eabi/lib/thumb/v6-m\libc_nano.a
LOAD c:/st/stm32cubeide_1.5.1/stm32cubeide/plugins/com.st.stm32cube.ide.mcu.externaltools.gnu-tools-for-stm32.7-2018-q2-update.win32_1.5.0.202011040924/tools/bin/../lib/gcc/arm-none-eabi/7.3.1/../../../../arm-none-eabi/lib/thumb/v6-m\libnosys.a
END GROUP
LOAD c:/st/stm32cubeide_1.5.1/stm32cubeide/plugins/com.st.stm32cube.ide.mcu.externaltools.gnu-tools-for-stm32.7-2018-q2-update.win32_1.5.0.202011040924/tools/bin/../lib/gcc/arm-none-eabi/7.3.1/thumb/v6-m/crtend.o
LOAD c:/st/stm32cubeide_1.5.1/stm32cubeide/plugins/com.st.stm32cube.ide.mcu.externaltools.gnu-tools-for-stm32.7-2018-q2-update.win32_1.5.0.202011040924/tools/bin/../lib/gcc/arm-none-eabi/7.3.1/thumb/v6-m/crtn.o
                0x0000000020004000                _estack = (ORIGIN (RAM) + LENGTH (RAM))
                0x0000000000000200                _Min_Heap_Size = 0x200
                0x0000000000000400                _Min_Stack_Size = 0x400

.isr_vector     0x0000000008000000       0xc0
                0x0000000008000000                . = ALIGN (0x4)
 *(.isr_vector)
 .isr_vector    0x0000000008000000       0xc0 Core/Startup/startup_stm32f070rbtx.o
                0x0000000008000000                g_pfnVectors
                0x00000000080000c0                . = ALIGN (0x4)

.text           0x00000000080000c0     0xf170
                0x00000000080000c0                . = ALIGN (0x4)
 *(.text)
 .text          0x00000000080000c0       0x48 c:/st/stm32cubeide_1.5.1/stm32cubeide/plugins/com.st.stm32cube.ide.mcu.externaltools.gnu-tools-for-stm32.7-2018-q2-update.win32_1.5.0.202011040924/tools/bin/../lib/gcc/arm-none-eabi/7.3.1/thumb/v6-m/crtbegin.o
 .text          0x0000000008000108      0x114 c:/st/stm32cubeide_1.5.1/stm32cubeide/plugins/com.st.stm32cube.ide.mcu.externaltools.gnu-tools-for-stm32.7-2018-q2-update.win32_1.5.0.202011040924/tools/bin/../lib/gcc/arm-none-eabi/7.3.1/thumb/v6-m\libgcc.a(_udivsi3.o)
                0x0000000008000108                __aeabi_uidiv
                0x0000000008000108                __udivsi3
                0x0000000008000214                __aeabi_uidivmod
 .text          0x000000000800021c      0x1d4 c:/st/stm32cubeide_1.5.1/stm32cubeide/plugins/com.st.stm32cube.ide.mcu.externaltools.gnu-tools-for-stm32.7-2018-q2-update.win32_1.5.0.202011040924/tools/bin/../lib/gcc/arm-none-eabi/7.3.1/thumb/v6-m\libgcc.a(_divsi3.o)
                0x000000000800021c                __divsi3
                0x000000000800021c                __aeabi_idiv
                0x00000000080003e8                __aeabi_idivmod
 .text          0x00000000080003f0        0x4 c:/st/stm32cubeide_1.5.1/stm32cubeide/plugins/com.st.stm32cube.ide.mcu.externaltools.gnu-tools-for-stm32.7-2018-q2-update.win32_1.5.0.202011040924/tools/bin/../lib/gcc/arm-none-eabi/7.3.1/thumb/v6-m\libgcc.a(_dvmd_tls.o)
                0x00000000080003f0                __aeabi_idiv0
                0x00000000080003f0                __aeabi_ldiv0
 .text          0x00000000080003f4       0x7c c:/st/stm32cubeide_1.5.1/stm32cubeide/plugins/com.st.stm32cube.ide.mcu.externaltools.gnu-tools-for-stm32.7-2018-q2-update.win32_1.5.0.202011040924/tools/bin/../lib/gcc/arm-none-eabi/7.3.1/thumb/v6-m\libgcc.a(_arm_cmpdf2.o)
                0x00000000080003f4                __aeabi_cdrcmple
                0x0000000008000404                __aeabi_cdcmple
                0x0000000008000404                __aeabi_cdcmpeq
                0x0000000008000414                __aeabi_dcmpeq
                0x0000000008000420                __aeabi_dcmplt
                0x0000000008000434                __aeabi_dcmple
                0x0000000008000448                __aeabi_dcmpgt
                0x000000000800045c                __aeabi_dcmpge
 .text          0x0000000008000470       0x74 c:/st/stm32cubeide_1.5.1/stm32cubeide/plugins/com.st.stm32cube.ide.mcu.externaltools.gnu-tools-for-stm32.7-2018-q2-update.win32_1.5.0.202011040924/tools/bin/../lib/gcc/arm-none-eabi/7.3.1/thumb/v6-m\libgcc.a(_arm_cmpsf2.o)
                0x0000000008000470                __aeabi_cfrcmple
                0x0000000008000478                __aeabi_cfcmpeq
                0x0000000008000478                __aeabi_cfcmple
                0x0000000008000488                __aeabi_fcmpeq
                0x0000000008000494                __aeabi_fcmplt
                0x00000000080004a8                __aeabi_fcmple
                0x00000000080004bc                __aeabi_fcmpgt
                0x00000000080004d0                __aeabi_fcmpge
 .text          0x00000000080004e4       0x30 c:/st/stm32cubeide_1.5.1/stm32cubeide/plugins/com.st.stm32cube.ide.mcu.externaltools.gnu-tools-for-stm32.7-2018-q2-update.win32_1.5.0.202011040924/tools/bin/../lib/gcc/arm-none-eabi/7.3.1/thumb/v6-m\libgcc.a(_fixunssfsi.o)
                0x00000000080004e4                __fixunssfsi
                0x00000000080004e4                __aeabi_f2uiz
 .text          0x0000000008000514       0x3c c:/st/stm32cubeide_1.5.1/stm32cubeide/plugins/com.st.stm32cube.ide.mcu.externaltools.gnu-tools-for-stm32.7-2018-q2-update.win32_1.5.0.202011040924/tools/bin/../lib/gcc/arm-none-eabi/7.3.1/thumb/v6-m\libgcc.a(_fixunsdfsi.o)
                0x0000000008000514                __aeabi_d2uiz
                0x0000000008000514                __fixunsdfsi
 .text          0x0000000008000550      0x334 c:/st/stm32cubeide_1.5.1/stm32cubeide/plugins/com.st.stm32cube.ide.mcu.externaltools.gnu-tools-for-stm32.7-2018-q2-update.win32_1.5.0.202011040924/tools/bin/../lib/gcc/arm-none-eabi/7.3.1/thumb/v6-m\libgcc.a(addsf3.o)
                0x0000000008000550                __aeabi_fadd
 .text          0x0000000008000884      0x224 c:/st/stm32cubeide_1.5.1/stm32cubeide/plugins/com.st.stm32cube.ide.mcu.externaltools.gnu-tools-for-stm32.7-2018-q2-update.win32_1.5.0.202011040924/tools/bin/../lib/gcc/arm-none-eabi/7.3.1/thumb/v6-m\libgcc.a(divsf3.o)
                0x0000000008000884                __aeabi_fdiv
 .text          0x0000000008000aa8       0x50 c:/st/stm32cubeide_1.5.1/stm32cubeide/plugins/com.st.stm32cube.ide.mcu.externaltools.gnu-tools-for-stm32.7-2018-q2-update.win32_1.5.0.202011040924/tools/bin/../lib/gcc/arm-none-eabi/7.3.1/thumb/v6-m\libgcc.a(eqsf2.o)
                0x0000000008000aa8                __eqsf2
                0x0000000008000aa8                __nesf2
 .text          0x0000000008000af8       0x9c c:/st/stm32cubeide_1.5.1/stm32cubeide/plugins/com.st.stm32cube.ide.mcu.externaltools.gnu-tools-for-stm32.7-2018-q2-update.win32_1.5.0.202011040924/tools/bin/../lib/gcc/arm-none-eabi/7.3.1/thumb/v6-m\libgcc.a(gesf2.o)
                0x0000000008000af8                __gesf2
                0x0000000008000af8                __gtsf2
 .text          0x0000000008000b94       0xa0 c:/st/stm32cubeide_1.5.1/stm32cubeide/plugins/com.st.stm32cube.ide.mcu.externaltools.gnu-tools-for-stm32.7-2018-q2-update.win32_1.5.0.202011040924/tools/bin/../lib/gcc/arm-none-eabi/7.3.1/thumb/v6-m\libgcc.a(lesf2.o)
                0x0000000008000b94                __ltsf2
                0x0000000008000b94                __lesf2
 .text          0x0000000008000c34      0x264 c:/st/stm32cubeide_1.5.1/stm32cubeide/plugins/com.st.stm32cube.ide.mcu.externaltools.gnu-tools-for-stm32.7-2018-q2-update.win32_1.5.0.202011040924/tools/bin/../lib/gcc/arm-none-eabi/7.3.1/thumb/v6-m\libgcc.a(mulsf3.o)
                0x0000000008000c34                __aeabi_fmul
 .text          0x0000000008000e98      0x388 c:/st/stm32cubeide_1.5.1/stm32cubeide/plugins/com.st.stm32cube.ide.mcu.externaltools.gnu-tools-for-stm32.7-2018-q2-update.win32_1.5.0.202011040924/tools/bin/../lib/gcc/arm-none-eabi/7.3.1/thumb/v6-m\libgcc.a(subsf3.o)
                0x0000000008000e98                __aeabi_fsub
 .text          0x0000000008001220       0x40 c:/st/stm32cubeide_1.5.1/stm32cubeide/plugins/com.st.stm32cube.ide.mcu.externaltools.gnu-tools-for-stm32.7-2018-q2-update.win32_1.5.0.202011040924/tools/bin/../lib/gcc/arm-none-eabi/7.3.1/thumb/v6-m\libgcc.a(fixsfsi.o)
                0x0000000008001220                __aeabi_f2iz
 .text          0x0000000008001260       0x94 c:/st/stm32cubeide_1.5.1/stm32cubeide/plugins/com.st.stm32cube.ide.mcu.externaltools.gnu-tools-for-stm32.7-2018-q2-update.win32_1.5.0.202011040924/tools/bin/../lib/gcc/arm-none-eabi/7.3.1/thumb/v6-m\libgcc.a(floatsisf.o)
                0x0000000008001260                __aeabi_i2f
 .text          0x00000000080012f4       0x80 c:/st/stm32cubeide_1.5.1/stm32cubeide/plugins/com.st.stm32cube.ide.mcu.externaltools.gnu-tools-for-stm32.7-2018-q2-update.win32_1.5.0.202011040924/tools/bin/../lib/gcc/arm-none-eabi/7.3.1/thumb/v6-m\libgcc.a(floatunsisf.o)
                0x00000000080012f4                __aeabi_ui2f
 .text          0x0000000008001374      0x638 c:/st/stm32cubeide_1.5.1/stm32cubeide/plugins/com.st.stm32cube.ide.mcu.externaltools.gnu-tools-for-stm32.7-2018-q2-update.win32_1.5.0.202011040924/tools/bin/../lib/gcc/arm-none-eabi/7.3.1/thumb/v6-m\libgcc.a(adddf3.o)
                0x0000000008001374                __aeabi_dadd
 .text          0x00000000080019ac      0x604 c:/st/stm32cubeide_1.5.1/stm32cubeide/plugins/com.st.stm32cube.ide.mcu.externaltools.gnu-tools-for-stm32.7-2018-q2-update.win32_1.5.0.202011040924/tools/bin/../lib/gcc/arm-none-eabi/7.3.1/thumb/v6-m\libgcc.a(divdf3.o)
                0x00000000080019ac                __aeabi_ddiv
 .text          0x0000000008001fb0       0x78 c:/st/stm32cubeide_1.5.1/stm32cubeide/plugins/com.st.stm32cube.ide.mcu.externaltools.gnu-tools-for-stm32.7-2018-q2-update.win32_1.5.0.202011040924/tools/bin/../lib/gcc/arm-none-eabi/7.3.1/thumb/v6-m\libgcc.a(eqdf2.o)
                0x0000000008001fb0                __nedf2
                0x0000000008001fb0                __eqdf2
 .text          0x0000000008002028       0xc8 c:/st/stm32cubeide_1.5.1/stm32cubeide/plugins/com.st.stm32cube.ide.mcu.externaltools.gnu-tools-for-stm32.7-2018-q2-update.win32_1.5.0.202011040924/tools/bin/../lib/gcc/arm-none-eabi/7.3.1/thumb/v6-m\libgcc.a(gedf2.o)
                0x0000000008002028                __gedf2
                0x0000000008002028                __gtdf2
 .text          0x00000000080020f0       0xd0 c:/st/stm32cubeide_1.5.1/stm32cubeide/plugins/com.st.stm32cube.ide.mcu.externaltools.gnu-tools-for-stm32.7-2018-q2-update.win32_1.5.0.202011040924/tools/bin/../lib/gcc/arm-none-eabi/7.3.1/thumb/v6-m\libgcc.a(ledf2.o)
                0x00000000080020f0                __ledf2
                0x00000000080020f0                __ltdf2
 .text          0x00000000080021c0      0x4e4 c:/st/stm32cubeide_1.5.1/stm32cubeide/plugins/com.st.stm32cube.ide.mcu.externaltools.gnu-tools-for-stm32.7-2018-q2-update.win32_1.5.0.202011040924/tools/bin/../lib/gcc/arm-none-eabi/7.3.1/thumb/v6-m\libgcc.a(muldf3.o)
                0x00000000080021c0                __aeabi_dmul
 .text          0x00000000080026a4      0x690 c:/st/stm32cubeide_1.5.1/stm32cubeide/plugins/com.st.stm32cube.ide.mcu.externaltools.gnu-tools-for-stm32.7-2018-q2-update.win32_1.5.0.202011040924/tools/bin/../lib/gcc/arm-none-eabi/7.3.1/thumb/v6-m\libgcc.a(subdf3.o)
                0x00000000080026a4                __aeabi_dsub
 .text          0x0000000008002d34       0x6c c:/st/stm32cubeide_1.5.1/stm32cubeide/plugins/com.st.stm32cube.ide.mcu.externaltools.gnu-tools-for-stm32.7-2018-q2-update.win32_1.5.0.202011040924/tools/bin/../lib/gcc/arm-none-eabi/7.3.1/thumb/v6-m\libgcc.a(fixdfsi.o)
                0x0000000008002d34                __aeabi_d2iz
 .text          0x0000000008002da0       0x74 c:/st/stm32cubeide_1.5.1/stm32cubeide/plugins/com.st.stm32cube.ide.mcu.externaltools.gnu-tools-for-stm32.7-2018-q2-update.win32_1.5.0.202011040924/tools/bin/../lib/gcc/arm-none-eabi/7.3.1/thumb/v6-m\libgcc.a(floatsidf.o)
                0x0000000008002da0                __aeabi_i2d
 .text          0x0000000008002e14       0xa4 c:/st/stm32cubeide_1.5.1/stm32cubeide/plugins/com.st.stm32cube.ide.mcu.externaltools.gnu-tools-for-stm32.7-2018-q2-update.win32_1.5.0.202011040924/tools/bin/../lib/gcc/arm-none-eabi/7.3.1/thumb/v6-m\libgcc.a(extendsfdf2.o)
                0x0000000008002e14                __aeabi_f2d
 .text          0x0000000008002eb8      0x108 c:/st/stm32cubeide_1.5.1/stm32cubeide/plugins/com.st.stm32cube.ide.mcu.externaltools.gnu-tools-for-stm32.7-2018-q2-update.win32_1.5.0.202011040924/tools/bin/../lib/gcc/arm-none-eabi/7.3.1/thumb/v6-m\libgcc.a(truncdfsf2.o)
                0x0000000008002eb8                __aeabi_d2f
 .text          0x0000000008002fc0       0x3c c:/st/stm32cubeide_1.5.1/stm32cubeide/plugins/com.st.stm32cube.ide.mcu.externaltools.gnu-tools-for-stm32.7-2018-q2-update.win32_1.5.0.202011040924/tools/bin/../lib/gcc/arm-none-eabi/7.3.1/thumb/v6-m\libgcc.a(_clzsi2.o)
                0x0000000008002fc0                __clzsi2
 *(.text*)
 .text.CANSPI_EN_Int
                0x0000000008002ffc       0x28 Core/Src/CANSPI.o
                0x0000000008002ffc                CANSPI_EN_Int
 .text.CANSPI_CL_Flag_Int
                0x0000000008003024       0x1c Core/Src/CANSPI.o
                0x0000000008003024                CANSPI_CL_Flag_Int
 .text.CANSPI_Initialize
                0x0000000008003040      0x1e4 Core/Src/CANSPI.o
                0x0000000008003040                CANSPI_Initialize
 .text.CANSPI_Transmit
                0x0000000008003224      0x128 Core/Src/CANSPI.o
                0x0000000008003224                CANSPI_Transmit
 .text.CANSPI_Receive
                0x000000000800334c      0x142 Core/Src/CANSPI.o
                0x000000000800334c                CANSPI_Receive
 .text.convertReg2ExtendedCANid
                0x000000000800348e       0x98 Core/Src/CANSPI.o
 .text.convertReg2StandardCANid
                0x0000000008003526       0x3c Core/Src/CANSPI.o
 .text.convertCANid2Reg
                0x0000000008003562       0xc0 Core/Src/CANSPI.o
 *fill*         0x0000000008003622        0x2 
 .text.MCP2515_CS_HIGH
                0x0000000008003624       0x40 Core/Src/MCP2515.o
                0x0000000008003624                MCP2515_CS_HIGH
 .text.MCP2515_CS_LOW
                0x0000000008003664       0x40 Core/Src/MCP2515.o
                0x0000000008003664                MCP2515_CS_LOW
 .text.MCP2515_Initialize
                0x00000000080036a4       0x48 Core/Src/MCP2515.o
                0x00000000080036a4                MCP2515_Initialize
 .text.MCP2515_SetConfigMode
                0x00000000080036ec       0x54 Core/Src/MCP2515.o
                0x00000000080036ec                MCP2515_SetConfigMode
 .text.MCP2515_SetNormalMode
                0x0000000008003740       0x52 Core/Src/MCP2515.o
                0x0000000008003740                MCP2515_SetNormalMode
 .text.MCP2515_ReadByte
                0x0000000008003792       0x52 Core/Src/MCP2515.o
                0x0000000008003792                MCP2515_ReadByte
 .text.MCP2515_ReadRxSequence
                0x00000000080037e4       0x52 Core/Src/MCP2515.o
                0x00000000080037e4                MCP2515_ReadRxSequence
 .text.MCP2515_WriteByte
                0x0000000008003836       0x56 Core/Src/MCP2515.o
                0x0000000008003836                MCP2515_WriteByte
 .text.MCP2515_WriteByteSequence
                0x000000000800388c       0x68 Core/Src/MCP2515.o
                0x000000000800388c                MCP2515_WriteByteSequence
 .text.MCP2515_LoadTxSequence
                0x00000000080038f4       0x6c Core/Src/MCP2515.o
                0x00000000080038f4                MCP2515_LoadTxSequence
 .text.MCP2515_RequestToSend
                0x0000000008003960       0x34 Core/Src/MCP2515.o
                0x0000000008003960                MCP2515_RequestToSend
 .text.MCP2515_ReadStatus
                0x0000000008003994       0x3e Core/Src/MCP2515.o
                0x0000000008003994                MCP2515_ReadStatus
 .text.MCP2515_GetRxStatus
                0x00000000080039d2       0x3e Core/Src/MCP2515.o
                0x00000000080039d2                MCP2515_GetRxStatus
 .text.MCP2515_BitModify
                0x0000000008003a10       0x6c Core/Src/MCP2515.o
                0x0000000008003a10                MCP2515_BitModify
 .text.SPI_Tx   0x0000000008003a7c       0x22 Core/Src/MCP2515.o
 .text.SPI_TxBuffer
                0x0000000008003a9e       0x26 Core/Src/MCP2515.o
 .text.SPI_Rx   0x0000000008003ac4       0x22 Core/Src/MCP2515.o
 .text.SPI_RxBuffer
                0x0000000008003ae6       0x26 Core/Src/MCP2515.o
 .text.main     0x0000000008003b0c      0x1c0 Core/Src/main.o
                0x0000000008003b0c                main
 .text.SystemClock_Config
                0x0000000008003ccc       0xd0 Core/Src/main.o
                0x0000000008003ccc                SystemClock_Config
 .text.MX_ADC_Init
                0x0000000008003d9c       0xd0 Core/Src/main.o
 .text.MX_I2C1_Init
                0x0000000008003e6c       0x80 Core/Src/main.o
 .text.MX_SPI1_Init
                0x0000000008003eec       0x7c Core/Src/main.o
 .text.MX_SPI2_Init
                0x0000000008003f68       0x7c Core/Src/main.o
 .text.MX_TIM3_Init
                0x0000000008003fe4      0x100 Core/Src/main.o
 .text.MX_USART2_UART_Init
                0x00000000080040e4       0x60 Core/Src/main.o
 .text.MX_GPIO_Init
                0x0000000008004144      0x188 Core/Src/main.o
 .text.HAL_UART_TxCpltCallback
                0x00000000080042cc       0x20 Core/Src/main.o
                0x00000000080042cc                HAL_UART_TxCpltCallback
 .text.HAL_UART_RxCpltCallback
                0x00000000080042ec       0x38 Core/Src/main.o
                0x00000000080042ec                HAL_UART_RxCpltCallback
 .text.HAL_GPIO_EXTI_Callback
                0x0000000008004324       0x38 Core/Src/main.o
                0x0000000008004324                HAL_GPIO_EXTI_Callback
 .text.StartDefaultTask
                0x000000000800435c       0x24 Core/Src/main.o
                0x000000000800435c                StartDefaultTask
 .text.uart_rx_task
                0x0000000008004380      0x308 Core/Src/main.o
                0x0000000008004380                uart_rx_task
 .text.adc_task
                0x0000000008004688      0x114 Core/Src/main.o
                0x0000000008004688                adc_task
 .text.stepper_task
                0x000000000800479c      0x15c Core/Src/main.o
                0x000000000800479c                stepper_task
 .text.servo_Task
                0x00000000080048f8      0x220 Core/Src/main.o
                0x00000000080048f8                servo_Task
 .text.enviar_estado_Task
                0x0000000008004b18      0x210 Core/Src/main.o
                0x0000000008004b18                enviar_estado_Task
 .text.enviar_tmp_task
                0x0000000008004d28       0x98 Core/Src/main.o
                0x0000000008004d28                enviar_tmp_task
 .text.oled_Task
                0x0000000008004dc0      0x1ac Core/Src/main.o
                0x0000000008004dc0                oled_Task
 .text.CAN_remote_task
                0x0000000008004f6c      0x3b4 Core/Src/main.o
                0x0000000008004f6c                CAN_remote_task
 .text.HAL_TIM_PeriodElapsedCallback
                0x0000000008005320       0x24 Core/Src/main.o
                0x0000000008005320                HAL_TIM_PeriodElapsedCallback
 .text.Error_Handler
                0x0000000008005344        0x8 Core/Src/main.o
                0x0000000008005344                Error_Handler
 .text.ssd1306_Reset
                0x000000000800534c        0xa Core/Src/ssd1306.o
                0x000000000800534c                ssd1306_Reset
 *fill*         0x0000000008005356        0x2 
 .text.ssd1306_WriteCommand
                0x0000000008005358       0x34 Core/Src/ssd1306.o
                0x0000000008005358                ssd1306_WriteCommand
 .text.ssd1306_WriteData
                0x000000000800538c       0x34 Core/Src/ssd1306.o
                0x000000000800538c                ssd1306_WriteData
 .text.ssd1306_Init
                0x00000000080053c0       0xd8 Core/Src/ssd1306.o
                0x00000000080053c0                ssd1306_Init
 .text.ssd1306_Fill
                0x0000000008005498       0x48 Core/Src/ssd1306.o
                0x0000000008005498                ssd1306_Fill
 .text.ssd1306_UpdateScreen
                0x00000000080054e0       0x58 Core/Src/ssd1306.o
                0x00000000080054e0                ssd1306_UpdateScreen
 .text.ssd1306_DrawPixel
                0x0000000008005538       0xc4 Core/Src/ssd1306.o
                0x0000000008005538                ssd1306_DrawPixel
 .text.ssd1306_WriteChar
                0x00000000080055fc      0x134 Core/Src/ssd1306.o
                0x00000000080055fc                ssd1306_WriteChar
 .text.ssd1306_WriteString
                0x0000000008005730       0x54 Core/Src/ssd1306.o
                0x0000000008005730                ssd1306_WriteString
 .text.ssd1306_SetCursor
                0x0000000008005784       0x34 Core/Src/ssd1306.o
                0x0000000008005784                ssd1306_SetCursor
 .text.ssd1306_SetContrast
                0x00000000080057b8       0x30 Core/Src/ssd1306.o
                0x00000000080057b8                ssd1306_SetContrast
 .text.ssd1306_SetDisplayOn
                0x00000000080057e8       0x4c Core/Src/ssd1306.o
                0x00000000080057e8                ssd1306_SetDisplayOn
 .text.HAL_MspInit
                0x0000000008005834       0x54 Core/Src/stm32f0xx_hal_msp.o
                0x0000000008005834                HAL_MspInit
 .text.HAL_ADC_MspInit
                0x0000000008005888       0x8c Core/Src/stm32f0xx_hal_msp.o
                0x0000000008005888                HAL_ADC_MspInit
 .text.HAL_I2C_MspInit
                0x0000000008005914       0x9c Core/Src/stm32f0xx_hal_msp.o
                0x0000000008005914                HAL_I2C_MspInit
 .text.HAL_SPI_MspInit
                0x00000000080059b0      0x114 Core/Src/stm32f0xx_hal_msp.o
                0x00000000080059b0                HAL_SPI_MspInit
 .text.HAL_TIM_Base_MspInit
                0x0000000008005ac4       0x3c Core/Src/stm32f0xx_hal_msp.o
                0x0000000008005ac4                HAL_TIM_Base_MspInit
 .text.HAL_TIM_MspPostInit
                0x0000000008005b00       0x80 Core/Src/stm32f0xx_hal_msp.o
                0x0000000008005b00                HAL_TIM_MspPostInit
 .text.HAL_UART_MspInit
                0x0000000008005b80       0xa8 Core/Src/stm32f0xx_hal_msp.o
                0x0000000008005b80                HAL_UART_MspInit
 .text.HAL_InitTick
                0x0000000008005c28       0xbc Core/Src/stm32f0xx_hal_timebase_tim.o
                0x0000000008005c28                HAL_InitTick
 .text.NMI_Handler
                0x0000000008005ce4        0x6 Core/Src/stm32f0xx_it.o
                0x0000000008005ce4                NMI_Handler
 .text.HardFault_Handler
                0x0000000008005cea        0x6 Core/Src/stm32f0xx_it.o
                0x0000000008005cea                HardFault_Handler
 .text.EXTI4_15_IRQHandler
                0x0000000008005cf0       0x24 Core/Src/stm32f0xx_it.o
                0x0000000008005cf0                EXTI4_15_IRQHandler
 .text.TIM1_BRK_UP_TRG_COM_IRQHandler
                0x0000000008005d14       0x18 Core/Src/stm32f0xx_it.o
                0x0000000008005d14                TIM1_BRK_UP_TRG_COM_IRQHandler
 .text.USART2_IRQHandler
                0x0000000008005d2c       0x18 Core/Src/stm32f0xx_it.o
                0x0000000008005d2c                USART2_IRQHandler
 .text._sbrk    0x0000000008005d44       0x6c Core/Src/sysmem.o
                0x0000000008005d44                _sbrk
 .text.SystemInit
                0x0000000008005db0        0xa Core/Src/system_stm32f0xx.o
                0x0000000008005db0                SystemInit
 *fill*         0x0000000008005dba        0x2 
 .text.Reset_Handler
                0x0000000008005dbc       0x50 Core/Startup/startup_stm32f070rbtx.o
                0x0000000008005dbc                Reset_Handler
 .text.Default_Handler
                0x0000000008005e0c        0x2 Core/Startup/startup_stm32f070rbtx.o
                0x0000000008005e0c                TIM1_CC_IRQHandler
                0x0000000008005e0c                TIM6_IRQHandler
                0x0000000008005e0c                I2C1_IRQHandler
                0x0000000008005e0c                SPI1_IRQHandler
                0x0000000008005e0c                USART3_4_IRQHandler
                0x0000000008005e0c                EXTI2_3_IRQHandler
                0x0000000008005e0c                ADC1_IRQHandler
                0x0000000008005e0c                I2C2_IRQHandler
                0x0000000008005e0c                TIM17_IRQHandler
                0x0000000008005e0c                RTC_IRQHandler
                0x0000000008005e0c                TIM16_IRQHandler
                0x0000000008005e0c                TIM3_IRQHandler
                0x0000000008005e0c                RCC_IRQHandler
                0x0000000008005e0c                DMA1_Channel1_IRQHandler
                0x0000000008005e0c                Default_Handler
                0x0000000008005e0c                TIM14_IRQHandler
                0x0000000008005e0c                DMA1_Channel4_5_IRQHandler
                0x0000000008005e0c                TIM7_IRQHandler
                0x0000000008005e0c                TIM15_IRQHandler
                0x0000000008005e0c                EXTI0_1_IRQHandler
                0x0000000008005e0c                USB_IRQHandler
                0x0000000008005e0c                SPI2_IRQHandler
                0x0000000008005e0c                WWDG_IRQHandler
                0x0000000008005e0c                DMA1_Channel2_3_IRQHandler
                0x0000000008005e0c                FLASH_IRQHandler
                0x0000000008005e0c                USART1_IRQHandler
 *fill*         0x0000000008005e0e        0x2 
 .text.HAL_Init
                0x0000000008005e10       0x28 Drivers/STM32F0xx_HAL_Driver/Src/stm32f0xx_hal.o
                0x0000000008005e10                HAL_Init
 .text.HAL_IncTick
                0x0000000008005e38       0x24 Drivers/STM32F0xx_HAL_Driver/Src/stm32f0xx_hal.o
                0x0000000008005e38                HAL_IncTick
 .text.HAL_GetTick
                0x0000000008005e5c       0x14 Drivers/STM32F0xx_HAL_Driver/Src/stm32f0xx_hal.o
                0x0000000008005e5c                HAL_GetTick
 .text.HAL_Delay
                0x0000000008005e70       0x44 Drivers/STM32F0xx_HAL_Driver/Src/stm32f0xx_hal.o
                0x0000000008005e70                HAL_Delay
 .text.HAL_ADC_Init
                0x0000000008005eb4      0x280 Drivers/STM32F0xx_HAL_Driver/Src/stm32f0xx_hal_adc.o
                0x0000000008005eb4                HAL_ADC_Init
 .text.HAL_ADC_Start
                0x0000000008006134       0xa8 Drivers/STM32F0xx_HAL_Driver/Src/stm32f0xx_hal_adc.o
                0x0000000008006134                HAL_ADC_Start
 .text.HAL_ADC_Stop
                0x00000000080061dc       0x80 Drivers/STM32F0xx_HAL_Driver/Src/stm32f0xx_hal_adc.o
                0x00000000080061dc                HAL_ADC_Stop
 .text.HAL_ADC_PollForConversion
                0x000000000800625c      0x130 Drivers/STM32F0xx_HAL_Driver/Src/stm32f0xx_hal_adc.o
                0x000000000800625c                HAL_ADC_PollForConversion
 .text.HAL_ADC_GetValue
                0x000000000800638c       0x16 Drivers/STM32F0xx_HAL_Driver/Src/stm32f0xx_hal_adc.o
                0x000000000800638c                HAL_ADC_GetValue
 *fill*         0x00000000080063a2        0x2 
 .text.HAL_ADC_ConfigChannel
                0x00000000080063a4      0x1ec Drivers/STM32F0xx_HAL_Driver/Src/stm32f0xx_hal_adc.o
                0x00000000080063a4                HAL_ADC_ConfigChannel
 .text.ADC_Enable
                0x0000000008006590      0x108 Drivers/STM32F0xx_HAL_Driver/Src/stm32f0xx_hal_adc.o
 .text.ADC_Disable
                0x0000000008006698       0xe2 Drivers/STM32F0xx_HAL_Driver/Src/stm32f0xx_hal_adc.o
 .text.ADC_ConversionStop
                0x000000000800677a       0x98 Drivers/STM32F0xx_HAL_Driver/Src/stm32f0xx_hal_adc.o
 *fill*         0x0000000008006812        0x2 
 .text.HAL_ADCEx_Calibration_Start
                0x0000000008006814      0x150 Drivers/STM32F0xx_HAL_Driver/Src/stm32f0xx_hal_adc_ex.o
                0x0000000008006814                HAL_ADCEx_Calibration_Start
 .text.__NVIC_EnableIRQ
                0x0000000008006964       0x34 Drivers/STM32F0xx_HAL_Driver/Src/stm32f0xx_hal_cortex.o
 .text.__NVIC_SetPriority
                0x0000000008006998       0xdc Drivers/STM32F0xx_HAL_Driver/Src/stm32f0xx_hal_cortex.o
 .text.HAL_NVIC_SetPriority
                0x0000000008006a74       0x2a Drivers/STM32F0xx_HAL_Driver/Src/stm32f0xx_hal_cortex.o
                0x0000000008006a74                HAL_NVIC_SetPriority
 .text.HAL_NVIC_EnableIRQ
                0x0000000008006a9e       0x20 Drivers/STM32F0xx_HAL_Driver/Src/stm32f0xx_hal_cortex.o
                0x0000000008006a9e                HAL_NVIC_EnableIRQ
 .text.HAL_DMA_Abort
                0x0000000008006abe       0x70 Drivers/STM32F0xx_HAL_Driver/Src/stm32f0xx_hal_dma.o
                0x0000000008006abe                HAL_DMA_Abort
 .text.HAL_DMA_Abort_IT
                0x0000000008006b2e       0x8c Drivers/STM32F0xx_HAL_Driver/Src/stm32f0xx_hal_dma.o
                0x0000000008006b2e                HAL_DMA_Abort_IT
 *fill*         0x0000000008006bba        0x2 
 .text.HAL_GPIO_Init
                0x0000000008006bbc      0x2e0 Drivers/STM32F0xx_HAL_Driver/Src/stm32f0xx_hal_gpio.o
                0x0000000008006bbc                HAL_GPIO_Init
 .text.HAL_GPIO_WritePin
                0x0000000008006e9c       0x3a Drivers/STM32F0xx_HAL_Driver/Src/stm32f0xx_hal_gpio.o
                0x0000000008006e9c                HAL_GPIO_WritePin
 *fill*         0x0000000008006ed6        0x2 
 .text.HAL_GPIO_EXTI_IRQHandler
                0x0000000008006ed8       0x38 Drivers/STM32F0xx_HAL_Driver/Src/stm32f0xx_hal_gpio.o
                0x0000000008006ed8                HAL_GPIO_EXTI_IRQHandler
 .text.HAL_I2C_Init
                0x0000000008006f10      0x12c Drivers/STM32F0xx_HAL_Driver/Src/stm32f0xx_hal_i2c.o
                0x0000000008006f10                HAL_I2C_Init
 .text.HAL_I2C_Mem_Write
                0x000000000800703c      0x25c Drivers/STM32F0xx_HAL_Driver/Src/stm32f0xx_hal_i2c.o
                0x000000000800703c                HAL_I2C_Mem_Write
 .text.I2C_RequestMemoryWrite
                0x0000000008007298       0xc8 Drivers/STM32F0xx_HAL_Driver/Src/stm32f0xx_hal_i2c.o
 .text.I2C_Flush_TXDR
                0x0000000008007360       0x44 Drivers/STM32F0xx_HAL_Driver/Src/stm32f0xx_hal_i2c.o
 .text.I2C_WaitOnFlagUntilTimeout
                0x00000000080073a4       0x7e Drivers/STM32F0xx_HAL_Driver/Src/stm32f0xx_hal_i2c.o
 .text.I2C_WaitOnTXISFlagUntilTimeout
                0x0000000008007422       0x7e Drivers/STM32F0xx_HAL_Driver/Src/stm32f0xx_hal_i2c.o
 .text.I2C_WaitOnSTOPFlagUntilTimeout
                0x00000000080074a0       0x78 Drivers/STM32F0xx_HAL_Driver/Src/stm32f0xx_hal_i2c.o
 .text.I2C_IsAcknowledgeFailed
                0x0000000008007518       0xf4 Drivers/STM32F0xx_HAL_Driver/Src/stm32f0xx_hal_i2c.o
 .text.I2C_TransferConfig
                0x000000000800760c       0x6c Drivers/STM32F0xx_HAL_Driver/Src/stm32f0xx_hal_i2c.o
 .text.HAL_I2CEx_ConfigAnalogFilter
                0x0000000008007678       0x98 Drivers/STM32F0xx_HAL_Driver/Src/stm32f0xx_hal_i2c_ex.o
                0x0000000008007678                HAL_I2CEx_ConfigAnalogFilter
 .text.HAL_I2CEx_ConfigDigitalFilter
                0x0000000008007710       0x98 Drivers/STM32F0xx_HAL_Driver/Src/stm32f0xx_hal_i2c_ex.o
                0x0000000008007710                HAL_I2CEx_ConfigDigitalFilter
 .text.HAL_RCC_OscConfig
                0x00000000080077a8      0x63c Drivers/STM32F0xx_HAL_Driver/Src/stm32f0xx_hal_rcc.o
                0x00000000080077a8                HAL_RCC_OscConfig
 .text.HAL_RCC_ClockConfig
                0x0000000008007de4      0x19c Drivers/STM32F0xx_HAL_Driver/Src/stm32f0xx_hal_rcc.o
                0x0000000008007de4                HAL_RCC_ClockConfig
 .text.HAL_RCC_GetSysClockFreq
                0x0000000008007f80       0xcc Drivers/STM32F0xx_HAL_Driver/Src/stm32f0xx_hal_rcc.o
                0x0000000008007f80                HAL_RCC_GetSysClockFreq
 .text.HAL_RCC_GetHCLKFreq
                0x000000000800804c       0x14 Drivers/STM32F0xx_HAL_Driver/Src/stm32f0xx_hal_rcc.o
                0x000000000800804c                HAL_RCC_GetHCLKFreq
 .text.HAL_RCC_GetPCLK1Freq
                0x0000000008008060       0x2c Drivers/STM32F0xx_HAL_Driver/Src/stm32f0xx_hal_rcc.o
                0x0000000008008060                HAL_RCC_GetPCLK1Freq
 .text.HAL_RCC_GetClockConfig
                0x000000000800808c       0x54 Drivers/STM32F0xx_HAL_Driver/Src/stm32f0xx_hal_rcc.o
                0x000000000800808c                HAL_RCC_GetClockConfig
 .text.HAL_RCCEx_PeriphCLKConfig
                0x00000000080080e0      0x1bc Drivers/STM32F0xx_HAL_Driver/Src/stm32f0xx_hal_rcc_ex.o
                0x00000000080080e0                HAL_RCCEx_PeriphCLKConfig
 .text.HAL_SPI_Init
                0x000000000800829c      0x170 Drivers/STM32F0xx_HAL_Driver/Src/stm32f0xx_hal_spi.o
                0x000000000800829c                HAL_SPI_Init
 .text.HAL_SPI_Transmit
                0x000000000800840c      0x2b0 Drivers/STM32F0xx_HAL_Driver/Src/stm32f0xx_hal_spi.o
                0x000000000800840c                HAL_SPI_Transmit
 .text.HAL_SPI_Receive
                0x00000000080086bc      0x298 Drivers/STM32F0xx_HAL_Driver/Src/stm32f0xx_hal_spi.o
                0x00000000080086bc                HAL_SPI_Receive
 .text.HAL_SPI_TransmitReceive
                0x0000000008008954      0x3a8 Drivers/STM32F0xx_HAL_Driver/Src/stm32f0xx_hal_spi.o
                0x0000000008008954                HAL_SPI_TransmitReceive
 .text.HAL_SPI_GetState
                0x0000000008008cfc       0x18 Drivers/STM32F0xx_HAL_Driver/Src/stm32f0xx_hal_spi.o
                0x0000000008008cfc                HAL_SPI_GetState
 .text.SPI_WaitFlagStateUntilTimeout
                0x0000000008008d14      0x11c Drivers/STM32F0xx_HAL_Driver/Src/stm32f0xx_hal_spi.o
 .text.SPI_WaitFifoStateUntilTimeout
                0x0000000008008e30      0x144 Drivers/STM32F0xx_HAL_Driver/Src/stm32f0xx_hal_spi.o
 .text.SPI_EndRxTransaction
                0x0000000008008f74       0xbc Drivers/STM32F0xx_HAL_Driver/Src/stm32f0xx_hal_spi.o
 .text.SPI_EndRxTxTransaction
                0x0000000008009030       0x8c Drivers/STM32F0xx_HAL_Driver/Src/stm32f0xx_hal_spi.o
 .text.HAL_TIM_Base_Init
                0x00000000080090bc       0xa0 Drivers/STM32F0xx_HAL_Driver/Src/stm32f0xx_hal_tim.o
                0x00000000080090bc                HAL_TIM_Base_Init
 .text.HAL_TIM_Base_Start_IT
                0x000000000800915c       0x98 Drivers/STM32F0xx_HAL_Driver/Src/stm32f0xx_hal_tim.o
                0x000000000800915c                HAL_TIM_Base_Start_IT
 .text.HAL_TIM_PWM_Init
                0x00000000080091f4       0xa0 Drivers/STM32F0xx_HAL_Driver/Src/stm32f0xx_hal_tim.o
                0x00000000080091f4                HAL_TIM_PWM_Init
 .text.HAL_TIM_PWM_MspInit
                0x0000000008009294       0x10 Drivers/STM32F0xx_HAL_Driver/Src/stm32f0xx_hal_tim.o
                0x0000000008009294                HAL_TIM_PWM_MspInit
 .text.HAL_TIM_PWM_Start
                0x00000000080092a4      0x164 Drivers/STM32F0xx_HAL_Driver/Src/stm32f0xx_hal_tim.o
                0x00000000080092a4                HAL_TIM_PWM_Start
 .text.HAL_TIM_IRQHandler
                0x0000000008009408      0x22c Drivers/STM32F0xx_HAL_Driver/Src/stm32f0xx_hal_tim.o
                0x0000000008009408                HAL_TIM_IRQHandler
 .text.HAL_TIM_PWM_ConfigChannel
                0x0000000008009634      0x178 Drivers/STM32F0xx_HAL_Driver/Src/stm32f0xx_hal_tim.o
                0x0000000008009634                HAL_TIM_PWM_ConfigChannel
 .text.HAL_TIM_ConfigClockSource
                0x00000000080097ac      0x194 Drivers/STM32F0xx_HAL_Driver/Src/stm32f0xx_hal_tim.o
                0x00000000080097ac                HAL_TIM_ConfigClockSource
 .text.HAL_TIM_OC_DelayElapsedCallback
                0x0000000008009940       0x10 Drivers/STM32F0xx_HAL_Driver/Src/stm32f0xx_hal_tim.o
                0x0000000008009940                HAL_TIM_OC_DelayElapsedCallback
 .text.HAL_TIM_IC_CaptureCallback
                0x0000000008009950       0x10 Drivers/STM32F0xx_HAL_Driver/Src/stm32f0xx_hal_tim.o
                0x0000000008009950                HAL_TIM_IC_CaptureCallback
 .text.HAL_TIM_PWM_PulseFinishedCallback
                0x0000000008009960       0x10 Drivers/STM32F0xx_HAL_Driver/Src/stm32f0xx_hal_tim.o
                0x0000000008009960                HAL_TIM_PWM_PulseFinishedCallback
 .text.HAL_TIM_TriggerCallback
                0x0000000008009970       0x10 Drivers/STM32F0xx_HAL_Driver/Src/stm32f0xx_hal_tim.o
                0x0000000008009970                HAL_TIM_TriggerCallback
 .text.TIM_Base_SetConfig
                0x0000000008009980       0xec Drivers/STM32F0xx_HAL_Driver/Src/stm32f0xx_hal_tim.o
                0x0000000008009980                TIM_Base_SetConfig
 .text.TIM_OC1_SetConfig
                0x0000000008009a6c      0x110 Drivers/STM32F0xx_HAL_Driver/Src/stm32f0xx_hal_tim.o
 .text.TIM_OC2_SetConfig
                0x0000000008009b7c      0x108 Drivers/STM32F0xx_HAL_Driver/Src/stm32f0xx_hal_tim.o
                0x0000000008009b7c                TIM_OC2_SetConfig
 .text.TIM_OC3_SetConfig
                0x0000000008009c84      0x10c Drivers/STM32F0xx_HAL_Driver/Src/stm32f0xx_hal_tim.o
 .text.TIM_OC4_SetConfig
                0x0000000008009d90       0xd4 Drivers/STM32F0xx_HAL_Driver/Src/stm32f0xx_hal_tim.o
 .text.TIM_TI1_ConfigInputStage
                0x0000000008009e64       0x5c Drivers/STM32F0xx_HAL_Driver/Src/stm32f0xx_hal_tim.o
 .text.TIM_TI2_ConfigInputStage
                0x0000000008009ec0       0x64 Drivers/STM32F0xx_HAL_Driver/Src/stm32f0xx_hal_tim.o
 .text.TIM_ITRx_SetConfig
                0x0000000008009f24       0x32 Drivers/STM32F0xx_HAL_Driver/Src/stm32f0xx_hal_tim.o
 *fill*         0x0000000008009f56        0x2 
 .text.TIM_ETR_SetConfig
                0x0000000008009f58       0x40 Drivers/STM32F0xx_HAL_Driver/Src/stm32f0xx_hal_tim.o
                0x0000000008009f58                TIM_ETR_SetConfig
 .text.TIM_CCxChannelCmd
                0x0000000008009f98       0x46 Drivers/STM32F0xx_HAL_Driver/Src/stm32f0xx_hal_tim.o
                0x0000000008009f98                TIM_CCxChannelCmd
 *fill*         0x0000000008009fde        0x2 
 .text.HAL_TIMEx_MasterConfigSynchronization
                0x0000000008009fe0       0xb0 Drivers/STM32F0xx_HAL_Driver/Src/stm32f0xx_hal_tim_ex.o
                0x0000000008009fe0                HAL_TIMEx_MasterConfigSynchronization
 .text.HAL_TIMEx_CommutCallback
                0x000000000800a090       0x10 Drivers/STM32F0xx_HAL_Driver/Src/stm32f0xx_hal_tim_ex.o
                0x000000000800a090                HAL_TIMEx_CommutCallback
 .text.HAL_TIMEx_BreakCallback
                0x000000000800a0a0       0x10 Drivers/STM32F0xx_HAL_Driver/Src/stm32f0xx_hal_tim_ex.o
                0x000000000800a0a0                HAL_TIMEx_BreakCallback
 .text.HAL_UART_Init
                0x000000000800a0b0       0xa8 Drivers/STM32F0xx_HAL_Driver/Src/stm32f0xx_hal_uart.o
                0x000000000800a0b0                HAL_UART_Init
 .text.HAL_UART_Transmit_IT
                0x000000000800a158       0xfc Drivers/STM32F0xx_HAL_Driver/Src/stm32f0xx_hal_uart.o
                0x000000000800a158                HAL_UART_Transmit_IT
 .text.HAL_UART_Receive_IT
                0x000000000800a254       0xbe Drivers/STM32F0xx_HAL_Driver/Src/stm32f0xx_hal_uart.o
                0x000000000800a254                HAL_UART_Receive_IT
 *fill*         0x000000000800a312        0x2 
 .text.HAL_UART_IRQHandler
                0x000000000800a314      0x570 Drivers/STM32F0xx_HAL_Driver/Src/stm32f0xx_hal_uart.o
                0x000000000800a314                HAL_UART_IRQHandler
 .text.HAL_UART_ErrorCallback
                0x000000000800a884       0x10 Drivers/STM32F0xx_HAL_Driver/Src/stm32f0xx_hal_uart.o
                0x000000000800a884                HAL_UART_ErrorCallback
 .text.HAL_UARTEx_RxEventCallback
                0x000000000800a894       0x16 Drivers/STM32F0xx_HAL_Driver/Src/stm32f0xx_hal_uart.o
                0x000000000800a894                HAL_UARTEx_RxEventCallback
 *fill*         0x000000000800a8aa        0x2 
 .text.UART_SetConfig
                0x000000000800a8ac      0x2ac Drivers/STM32F0xx_HAL_Driver/Src/stm32f0xx_hal_uart.o
                0x000000000800a8ac                UART_SetConfig
 .text.UART_AdvFeatureConfig
                0x000000000800ab58      0x168 Drivers/STM32F0xx_HAL_Driver/Src/stm32f0xx_hal_uart.o
                0x000000000800ab58                UART_AdvFeatureConfig
 .text.UART_CheckIdleState
                0x000000000800acc0       0x94 Drivers/STM32F0xx_HAL_Driver/Src/stm32f0xx_hal_uart.o
                0x000000000800acc0                UART_CheckIdleState
 .text.UART_WaitOnFlagUntilTimeout
                0x000000000800ad54      0x178 Drivers/STM32F0xx_HAL_Driver/Src/stm32f0xx_hal_uart.o
                0x000000000800ad54                UART_WaitOnFlagUntilTimeout
 .text.UART_Start_Receive_IT
                0x000000000800aecc      0x158 Drivers/STM32F0xx_HAL_Driver/Src/stm32f0xx_hal_uart.o
                0x000000000800aecc                UART_Start_Receive_IT
 .text.UART_EndRxTransfer
                0x000000000800b024       0xb8 Drivers/STM32F0xx_HAL_Driver/Src/stm32f0xx_hal_uart.o
 .text.UART_DMAAbortOnError
                0x000000000800b0dc       0x2e Drivers/STM32F0xx_HAL_Driver/Src/stm32f0xx_hal_uart.o
 .text.UART_TxISR_8BIT
                0x000000000800b10a       0xac Drivers/STM32F0xx_HAL_Driver/Src/stm32f0xx_hal_uart.o
 .text.UART_TxISR_16BIT
                0x000000000800b1b6       0xb4 Drivers/STM32F0xx_HAL_Driver/Src/stm32f0xx_hal_uart.o
 .text.UART_EndTransmit_IT
                0x000000000800b26a       0x52 Drivers/STM32F0xx_HAL_Driver/Src/stm32f0xx_hal_uart.o
 .text.UART_RxISR_8BIT
                0x000000000800b2bc      0x15c Drivers/STM32F0xx_HAL_Driver/Src/stm32f0xx_hal_uart.o
 .text.UART_RxISR_16BIT
                0x000000000800b418      0x15c Drivers/STM32F0xx_HAL_Driver/Src/stm32f0xx_hal_uart.o
 .text.osKernelInitialize
                0x000000000800b574       0x58 Middlewares/Third_Party/FreeRTOS/Source/CMSIS_RTOS_V2/cmsis_os2.o
                0x000000000800b574                osKernelInitialize
 .text.osKernelStart
                0x000000000800b5cc       0x5c Middlewares/Third_Party/FreeRTOS/Source/CMSIS_RTOS_V2/cmsis_os2.o
                0x000000000800b5cc                osKernelStart
 .text.osThreadNew
                0x000000000800b628      0x150 Middlewares/Third_Party/FreeRTOS/Source/CMSIS_RTOS_V2/cmsis_os2.o
                0x000000000800b628                osThreadNew
 .text.osThreadSuspend
                0x000000000800b778       0x5c Middlewares/Third_Party/FreeRTOS/Source/CMSIS_RTOS_V2/cmsis_os2.o
                0x000000000800b778                osThreadSuspend
 .text.osThreadResume
                0x000000000800b7d4       0x5c Middlewares/Third_Party/FreeRTOS/Source/CMSIS_RTOS_V2/cmsis_os2.o
                0x000000000800b7d4                osThreadResume
 .text.osDelay  0x000000000800b830       0x50 Middlewares/Third_Party/FreeRTOS/Source/CMSIS_RTOS_V2/cmsis_os2.o
                0x000000000800b830                osDelay
 .text.osSemaphoreNew
                0x000000000800b880      0x144 Middlewares/Third_Party/FreeRTOS/Source/CMSIS_RTOS_V2/cmsis_os2.o
                0x000000000800b880                osSemaphoreNew
 .text.osSemaphoreAcquire
                0x000000000800b9c4       0xbc Middlewares/Third_Party/FreeRTOS/Source/CMSIS_RTOS_V2/cmsis_os2.o
                0x000000000800b9c4                osSemaphoreAcquire
 .text.osSemaphoreRelease
                0x000000000800ba80       0x9c Middlewares/Third_Party/FreeRTOS/Source/CMSIS_RTOS_V2/cmsis_os2.o
                0x000000000800ba80                osSemaphoreRelease
 .text.osMessageQueueNew
                0x000000000800bb1c      0x110 Middlewares/Third_Party/FreeRTOS/Source/CMSIS_RTOS_V2/cmsis_os2.o
                0x000000000800bb1c                osMessageQueueNew
 .text.osMessageQueuePut
                0x000000000800bc2c       0xd4 Middlewares/Third_Party/FreeRTOS/Source/CMSIS_RTOS_V2/cmsis_os2.o
                0x000000000800bc2c                osMessageQueuePut
 .text.osMessageQueueGet
                0x000000000800bd00       0xd0 Middlewares/Third_Party/FreeRTOS/Source/CMSIS_RTOS_V2/cmsis_os2.o
                0x000000000800bd00                osMessageQueueGet
 .text.vApplicationGetIdleTaskMemory
                0x000000000800bdd0       0x30 Middlewares/Third_Party/FreeRTOS/Source/CMSIS_RTOS_V2/cmsis_os2.o
                0x000000000800bdd0                vApplicationGetIdleTaskMemory
 .text.vApplicationGetTimerTaskMemory
                0x000000000800be00       0x30 Middlewares/Third_Party/FreeRTOS/Source/CMSIS_RTOS_V2/cmsis_os2.o
                0x000000000800be00                vApplicationGetTimerTaskMemory
 .text.vListInitialise
                0x000000000800be30       0x3c Middlewares/Third_Party/FreeRTOS/Source/list.o
                0x000000000800be30                vListInitialise
 .text.vListInitialiseItem
                0x000000000800be6c       0x16 Middlewares/Third_Party/FreeRTOS/Source/list.o
                0x000000000800be6c                vListInitialiseItem
 .text.vListInsertEnd
                0x000000000800be82       0x44 Middlewares/Third_Party/FreeRTOS/Source/list.o
                0x000000000800be82                vListInsertEnd
 .text.vListInsert
                0x000000000800bec6       0x6c Middlewares/Third_Party/FreeRTOS/Source/list.o
                0x000000000800bec6                vListInsert
 .text.uxListRemove
                0x000000000800bf32       0x50 Middlewares/Third_Party/FreeRTOS/Source/list.o
                0x000000000800bf32                uxListRemove
 .text.xQueueGenericReset
                0x000000000800bf82       0xa8 Middlewares/Third_Party/FreeRTOS/Source/queue.o
                0x000000000800bf82                xQueueGenericReset
 .text.xQueueGenericCreateStatic
                0x000000000800c02a       0x96 Middlewares/Third_Party/FreeRTOS/Source/queue.o
                0x000000000800c02a                xQueueGenericCreateStatic
 .text.xQueueGenericCreate
                0x000000000800c0c0       0x6c Middlewares/Third_Party/FreeRTOS/Source/queue.o
                0x000000000800c0c0                xQueueGenericCreate
 .text.prvInitialiseNewQueue
                0x000000000800c12c       0x4e Middlewares/Third_Party/FreeRTOS/Source/queue.o
 .text.xQueueCreateCountingSemaphoreStatic
                0x000000000800c17a       0x4e Middlewares/Third_Party/FreeRTOS/Source/queue.o
                0x000000000800c17a                xQueueCreateCountingSemaphoreStatic
 .text.xQueueCreateCountingSemaphore
                0x000000000800c1c8       0x46 Middlewares/Third_Party/FreeRTOS/Source/queue.o
                0x000000000800c1c8                xQueueCreateCountingSemaphore
 .text.xQueueGenericSend
                0x000000000800c20e      0x188 Middlewares/Third_Party/FreeRTOS/Source/queue.o
                0x000000000800c20e                xQueueGenericSend
 .text.xQueueGenericSendFromISR
                0x000000000800c396       0xe2 Middlewares/Third_Party/FreeRTOS/Source/queue.o
                0x000000000800c396                xQueueGenericSendFromISR
 .text.xQueueGiveFromISR
                0x000000000800c478       0xca Middlewares/Third_Party/FreeRTOS/Source/queue.o
                0x000000000800c478                xQueueGiveFromISR
 .text.xQueueReceive
                0x000000000800c542      0x16a Middlewares/Third_Party/FreeRTOS/Source/queue.o
                0x000000000800c542                xQueueReceive
 .text.xQueueSemaphoreTake
                0x000000000800c6ac      0x1b4 Middlewares/Third_Party/FreeRTOS/Source/queue.o
                0x000000000800c6ac                xQueueSemaphoreTake
 .text.xQueueReceiveFromISR
                0x000000000800c860       0xc6 Middlewares/Third_Party/FreeRTOS/Source/queue.o
                0x000000000800c860                xQueueReceiveFromISR
 .text.vQueueDelete
                0x000000000800c926       0x38 Middlewares/Third_Party/FreeRTOS/Source/queue.o
                0x000000000800c926                vQueueDelete
 .text.prvGetDisinheritPriorityAfterTimeout
                0x000000000800c95e       0x2c Middlewares/Third_Party/FreeRTOS/Source/queue.o
 .text.prvCopyDataToQueue
                0x000000000800c98a       0xd6 Middlewares/Third_Party/FreeRTOS/Source/queue.o
 .text.prvCopyDataFromQueue
                0x000000000800ca60       0x4c Middlewares/Third_Party/FreeRTOS/Source/queue.o
 .text.prvUnlockQueue
                0x000000000800caac       0xbc Middlewares/Third_Party/FreeRTOS/Source/queue.o
 .text.prvIsQueueEmpty
                0x000000000800cb68       0x2c Middlewares/Third_Party/FreeRTOS/Source/queue.o
 .text.prvIsQueueFull
                0x000000000800cb94       0x30 Middlewares/Third_Party/FreeRTOS/Source/queue.o
 .text.vQueueAddToRegistry
                0x000000000800cbc4       0x50 Middlewares/Third_Party/FreeRTOS/Source/queue.o
                0x000000000800cbc4                vQueueAddToRegistry
 .text.vQueueUnregisterQueue
                0x000000000800cc14       0x54 Middlewares/Third_Party/FreeRTOS/Source/queue.o
                0x000000000800cc14                vQueueUnregisterQueue
 .text.vQueueWaitForMessageRestricted
                0x000000000800cc68       0x66 Middlewares/Third_Party/FreeRTOS/Source/queue.o
                0x000000000800cc68                vQueueWaitForMessageRestricted
 .text.xTaskCreateStatic
                0x000000000800ccce       0x86 Middlewares/Third_Party/FreeRTOS/Source/tasks.o
                0x000000000800ccce                xTaskCreateStatic
 .text.xTaskCreate
                0x000000000800cd54       0x98 Middlewares/Third_Party/FreeRTOS/Source/tasks.o
                0x000000000800cd54                xTaskCreate
 .text.prvInitialiseNewTask
                0x000000000800cdec      0x130 Middlewares/Third_Party/FreeRTOS/Source/tasks.o
 .text.prvAddNewTaskToReadyList
                0x000000000800cf1c       0xd0 Middlewares/Third_Party/FreeRTOS/Source/tasks.o
 .text.vTaskDelay
                0x000000000800cfec       0x4c Middlewares/Third_Party/FreeRTOS/Source/tasks.o
                0x000000000800cfec                vTaskDelay
 .text.vTaskSuspend
                0x000000000800d038       0xcc Middlewares/Third_Party/FreeRTOS/Source/tasks.o
                0x000000000800d038                vTaskSuspend
 .text.prvTaskIsTaskSuspended
                0x000000000800d104       0x60 Middlewares/Third_Party/FreeRTOS/Source/tasks.o
 .text.vTaskResume
                0x000000000800d164       0x9c Middlewares/Third_Party/FreeRTOS/Source/tasks.o
                0x000000000800d164                vTaskResume
 .text.vTaskStartScheduler
                0x000000000800d200       0xbc Middlewares/Third_Party/FreeRTOS/Source/tasks.o
                0x000000000800d200                vTaskStartScheduler
 .text.vTaskSuspendAll
                0x000000000800d2bc       0x18 Middlewares/Third_Party/FreeRTOS/Source/tasks.o
                0x000000000800d2bc                vTaskSuspendAll
 .text.xTaskResumeAll
                0x000000000800d2d4      0x118 Middlewares/Third_Party/FreeRTOS/Source/tasks.o
                0x000000000800d2d4                xTaskResumeAll
 .text.xTaskGetTickCount
                0x000000000800d3ec       0x1c Middlewares/Third_Party/FreeRTOS/Source/tasks.o
                0x000000000800d3ec                xTaskGetTickCount
 .text.xTaskIncrementTick
                0x000000000800d408      0x168 Middlewares/Third_Party/FreeRTOS/Source/tasks.o
                0x000000000800d408                xTaskIncrementTick
 .text.vTaskSwitchContext
                0x000000000800d570       0xb4 Middlewares/Third_Party/FreeRTOS/Source/tasks.o
                0x000000000800d570                vTaskSwitchContext
 .text.vTaskPlaceOnEventList
                0x000000000800d624       0x3c Middlewares/Third_Party/FreeRTOS/Source/tasks.o
                0x000000000800d624                vTaskPlaceOnEventList
 .text.vTaskPlaceOnEventListRestricted
                0x000000000800d660       0x4c Middlewares/Third_Party/FreeRTOS/Source/tasks.o
                0x000000000800d660                vTaskPlaceOnEventListRestricted
 .text.xTaskRemoveFromEventList
                0x000000000800d6ac       0xb8 Middlewares/Third_Party/FreeRTOS/Source/tasks.o
                0x000000000800d6ac                xTaskRemoveFromEventList
 .text.vTaskInternalSetTimeOutState
                0x000000000800d764       0x28 Middlewares/Third_Party/FreeRTOS/Source/tasks.o
                0x000000000800d764                vTaskInternalSetTimeOutState
 .text.xTaskCheckForTimeOut
                0x000000000800d78c       0xa0 Middlewares/Third_Party/FreeRTOS/Source/tasks.o
                0x000000000800d78c                xTaskCheckForTimeOut
 .text.vTaskMissedYield
                0x000000000800d82c       0x14 Middlewares/Third_Party/FreeRTOS/Source/tasks.o
                0x000000000800d82c                vTaskMissedYield
 .text.prvIdleTask
                0x000000000800d840       0x20 Middlewares/Third_Party/FreeRTOS/Source/tasks.o
 .text.prvInitialiseTaskLists
                0x000000000800d860       0x88 Middlewares/Third_Party/FreeRTOS/Source/tasks.o
 .text.prvCheckTasksWaitingTermination
                0x000000000800d8e8       0x5c Middlewares/Third_Party/FreeRTOS/Source/tasks.o
 .text.prvDeleteTCB
                0x000000000800d944       0x5a Middlewares/Third_Party/FreeRTOS/Source/tasks.o
 *fill*         0x000000000800d99e        0x2 
 .text.prvResetNextTaskUnblockTime
                0x000000000800d9a0       0x48 Middlewares/Third_Party/FreeRTOS/Source/tasks.o
 .text.xTaskGetSchedulerState
                0x000000000800d9e8       0x38 Middlewares/Third_Party/FreeRTOS/Source/tasks.o
                0x000000000800d9e8                xTaskGetSchedulerState
 .text.xTaskPriorityInherit
                0x000000000800da20       0xdc Middlewares/Third_Party/FreeRTOS/Source/tasks.o
                0x000000000800da20                xTaskPriorityInherit
 .text.xTaskPriorityDisinherit
                0x000000000800dafc       0xb8 Middlewares/Third_Party/FreeRTOS/Source/tasks.o
                0x000000000800dafc                xTaskPriorityDisinherit
 .text.vTaskPriorityDisinheritAfterTimeout
                0x000000000800dbb4       0xe8 Middlewares/Third_Party/FreeRTOS/Source/tasks.o
                0x000000000800dbb4                vTaskPriorityDisinheritAfterTimeout
 .text.pvTaskIncrementMutexHeldCount
                0x000000000800dc9c       0x24 Middlewares/Third_Party/FreeRTOS/Source/tasks.o
                0x000000000800dc9c                pvTaskIncrementMutexHeldCount
 .text.prvAddCurrentTaskToDelayedList
                0x000000000800dcc0       0xa8 Middlewares/Third_Party/FreeRTOS/Source/tasks.o
 .text.xTimerCreateTimerTask
                0x000000000800dd68       0x7c Middlewares/Third_Party/FreeRTOS/Source/timers.o
                0x000000000800dd68                xTimerCreateTimerTask
 .text.xTimerGenericCommand
                0x000000000800dde4       0x98 Middlewares/Third_Party/FreeRTOS/Source/timers.o
                0x000000000800dde4                xTimerGenericCommand
 .text.prvProcessExpiredTimer
                0x000000000800de7c       0x70 Middlewares/Third_Party/FreeRTOS/Source/timers.o
 .text.prvTimerTask
                0x000000000800deec       0x28 Middlewares/Third_Party/FreeRTOS/Source/timers.o
 .text.prvProcessTimerOrBlockTask
                0x000000000800df14       0x8c Middlewares/Third_Party/FreeRTOS/Source/timers.o
 .text.prvGetNextExpireTime
                0x000000000800dfa0       0x40 Middlewares/Third_Party/FreeRTOS/Source/timers.o
 .text.prvSampleTimeNow
                0x000000000800dfe0       0x40 Middlewares/Third_Party/FreeRTOS/Source/timers.o
 .text.prvInsertTimerInActiveList
                0x000000000800e020       0x84 Middlewares/Third_Party/FreeRTOS/Source/timers.o
 .text.prvProcessReceivedCommands
                0x000000000800e0a4      0x134 Middlewares/Third_Party/FreeRTOS/Source/timers.o
 .text.prvSwitchTimerLists
                0x000000000800e1d8       0xb4 Middlewares/Third_Party/FreeRTOS/Source/timers.o
 .text.prvCheckForValidListAndQueue
                0x000000000800e28c       0x88 Middlewares/Third_Party/FreeRTOS/Source/timers.o
 .text.pxPortInitialiseStack
                0x000000000800e314       0x54 Middlewares/Third_Party/FreeRTOS/Source/portable/GCC/ARM_CM0/port.o
                0x000000000800e314                pxPortInitialiseStack
 .text.prvTaskExitError
                0x000000000800e368       0x2c Middlewares/Third_Party/FreeRTOS/Source/portable/GCC/ARM_CM0/port.o
 .text.SVC_Handler
                0x000000000800e394        0xa Middlewares/Third_Party/FreeRTOS/Source/portable/GCC/ARM_CM0/port.o
                0x000000000800e394                SVC_Handler
 *fill*         0x000000000800e39e        0x2 
 .text.vPortStartFirstTask
                0x000000000800e3a0       0x38 Middlewares/Third_Party/FreeRTOS/Source/portable/GCC/ARM_CM0/port.o
 .text.xPortStartScheduler
                0x000000000800e3d8       0x48 Middlewares/Third_Party/FreeRTOS/Source/portable/GCC/ARM_CM0/port.o
                0x000000000800e3d8                xPortStartScheduler
 .text.vPortYield
                0x000000000800e420       0x20 Middlewares/Third_Party/FreeRTOS/Source/portable/GCC/ARM_CM0/port.o
                0x000000000800e420                vPortYield
 .text.vPortEnterCritical
                0x000000000800e440       0x24 Middlewares/Third_Party/FreeRTOS/Source/portable/GCC/ARM_CM0/port.o
                0x000000000800e440                vPortEnterCritical
 .text.vPortExitCritical
                0x000000000800e464       0x30 Middlewares/Third_Party/FreeRTOS/Source/portable/GCC/ARM_CM0/port.o
                0x000000000800e464                vPortExitCritical
 .text.ulSetInterruptMaskFromISR
                0x000000000800e494        0xc Middlewares/Third_Party/FreeRTOS/Source/portable/GCC/ARM_CM0/port.o
                0x000000000800e494                ulSetInterruptMaskFromISR
 .text.vClearInterruptMaskFromISR
                0x000000000800e4a0        0x8 Middlewares/Third_Party/FreeRTOS/Source/portable/GCC/ARM_CM0/port.o
                0x000000000800e4a0                vClearInterruptMaskFromISR
 *fill*         0x000000000800e4a8        0x8 
 .text.PendSV_Handler
                0x000000000800e4b0       0x48 Middlewares/Third_Party/FreeRTOS/Source/portable/GCC/ARM_CM0/port.o
                0x000000000800e4b0                PendSV_Handler
 .text.SysTick_Handler
                0x000000000800e4f8       0x34 Middlewares/Third_Party/FreeRTOS/Source/portable/GCC/ARM_CM0/port.o
                0x000000000800e4f8                SysTick_Handler
 .text.prvSetupTimerInterrupt
                0x000000000800e52c       0x44 Middlewares/Third_Party/FreeRTOS/Source/portable/GCC/ARM_CM0/port.o
 .text.pvPortMalloc
                0x000000000800e570      0x14c Middlewares/Third_Party/FreeRTOS/Source/portable/MemMang/heap_4.o
                0x000000000800e570                pvPortMalloc
 .text.vPortFree
                0x000000000800e6bc       0x90 Middlewares/Third_Party/FreeRTOS/Source/portable/MemMang/heap_4.o
                0x000000000800e6bc                vPortFree
 .text.prvHeapInit
                0x000000000800e74c       0xc0 Middlewares/Third_Party/FreeRTOS/Source/portable/MemMang/heap_4.o
 .text.prvInsertBlockIntoFreeList
                0x000000000800e80c       0xb0 Middlewares/Third_Party/FreeRTOS/Source/portable/MemMang/heap_4.o
 .text.__errno  0x000000000800e8bc        0xc c:/st/stm32cubeide_1.5.1/stm32cubeide/plugins/com.st.stm32cube.ide.mcu.externaltools.gnu-tools-for-stm32.7-2018-q2-update.win32_1.5.0.202011040924/tools/bin/../lib/gcc/arm-none-eabi/7.3.1/../../../../arm-none-eabi/lib/thumb/v6-m\libc_nano.a(lib_a-errno.o)
                0x000000000800e8bc                __errno
 .text.__libc_init_array
                0x000000000800e8c8       0x48 c:/st/stm32cubeide_1.5.1/stm32cubeide/plugins/com.st.stm32cube.ide.mcu.externaltools.gnu-tools-for-stm32.7-2018-q2-update.win32_1.5.0.202011040924/tools/bin/../lib/gcc/arm-none-eabi/7.3.1/../../../../arm-none-eabi/lib/thumb/v6-m\libc_nano.a(lib_a-init.o)
                0x000000000800e8c8                __libc_init_array
 .text.memcpy   0x000000000800e910       0x12 c:/st/stm32cubeide_1.5.1/stm32cubeide/plugins/com.st.stm32cube.ide.mcu.externaltools.gnu-tools-for-stm32.7-2018-q2-update.win32_1.5.0.202011040924/tools/bin/../lib/gcc/arm-none-eabi/7.3.1/../../../../arm-none-eabi/lib/thumb/v6-m\libc_nano.a(lib_a-memcpy-stub.o)
                0x000000000800e910                memcpy
 .text.memmove  0x000000000800e922       0x26 c:/st/stm32cubeide_1.5.1/stm32cubeide/plugins/com.st.stm32cube.ide.mcu.externaltools.gnu-tools-for-stm32.7-2018-q2-update.win32_1.5.0.202011040924/tools/bin/../lib/gcc/arm-none-eabi/7.3.1/../../../../arm-none-eabi/lib/thumb/v6-m\libc_nano.a(lib_a-memmove.o)
                0x000000000800e922                memmove
 .text.memset   0x000000000800e948       0x10 c:/st/stm32cubeide_1.5.1/stm32cubeide/plugins/com.st.stm32cube.ide.mcu.externaltools.gnu-tools-for-stm32.7-2018-q2-update.win32_1.5.0.202011040924/tools/bin/../lib/gcc/arm-none-eabi/7.3.1/../../../../arm-none-eabi/lib/thumb/v6-m\libc_nano.a(lib_a-memset.o)
                0x000000000800e948                memset
 .text._malloc_r
                0x000000000800e958       0xbc c:/st/stm32cubeide_1.5.1/stm32cubeide/plugins/com.st.stm32cube.ide.mcu.externaltools.gnu-tools-for-stm32.7-2018-q2-update.win32_1.5.0.202011040924/tools/bin/../lib/gcc/arm-none-eabi/7.3.1/../../../../arm-none-eabi/lib/thumb/v6-m\libc_nano.a(lib_a-nano-mallocr.o)
                0x000000000800e958                _malloc_r
 .text.cleanup_glue
                0x000000000800ea14       0x1a c:/st/stm32cubeide_1.5.1/stm32cubeide/plugins/com.st.stm32cube.ide.mcu.externaltools.gnu-tools-for-stm32.7-2018-q2-update.win32_1.5.0.202011040924/tools/bin/../lib/gcc/arm-none-eabi/7.3.1/../../../../arm-none-eabi/lib/thumb/v6-m\libc_nano.a(lib_a-reent.o)
                0x000000000800ea14                cleanup_glue
 *fill*         0x000000000800ea2e        0x2 
 .text._reclaim_reent
                0x000000000800ea30       0xcc c:/st/stm32cubeide_1.5.1/stm32cubeide/plugins/com.st.stm32cube.ide.mcu.externaltools.gnu-tools-for-stm32.7-2018-q2-update.win32_1.5.0.202011040924/tools/bin/../lib/gcc/arm-none-eabi/7.3.1/../../../../arm-none-eabi/lib/thumb/v6-m\libc_nano.a(lib_a-reent.o)
                0x000000000800ea30                _reclaim_reent
 .text._sbrk_r  0x000000000800eafc       0x24 c:/st/stm32cubeide_1.5.1/stm32cubeide/plugins/com.st.stm32cube.ide.mcu.externaltools.gnu-tools-for-stm32.7-2018-q2-update.win32_1.5.0.202011040924/tools/bin/../lib/gcc/arm-none-eabi/7.3.1/../../../../arm-none-eabi/lib/thumb/v6-m\libc_nano.a(lib_a-sbrkr.o)
                0x000000000800eafc                _sbrk_r
 .text.sprintf  0x000000000800eb20       0x40 c:/st/stm32cubeide_1.5.1/stm32cubeide/plugins/com.st.stm32cube.ide.mcu.externaltools.gnu-tools-for-stm32.7-2018-q2-update.win32_1.5.0.202011040924/tools/bin/../lib/gcc/arm-none-eabi/7.3.1/../../../../arm-none-eabi/lib/thumb/v6-m\libc_nano.a(lib_a-sprintf.o)
                0x000000000800eb20                siprintf
                0x000000000800eb20                sprintf
 .text.__malloc_lock
                0x000000000800eb60        0x2 c:/st/stm32cubeide_1.5.1/stm32cubeide/plugins/com.st.stm32cube.ide.mcu.externaltools.gnu-tools-for-stm32.7-2018-q2-update.win32_1.5.0.202011040924/tools/bin/../lib/gcc/arm-none-eabi/7.3.1/../../../../arm-none-eabi/lib/thumb/v6-m\libc_nano.a(lib_a-mlock.o)
                0x000000000800eb60                __malloc_lock
 .text.__malloc_unlock
                0x000000000800eb62        0x2 c:/st/stm32cubeide_1.5.1/stm32cubeide/plugins/com.st.stm32cube.ide.mcu.externaltools.gnu-tools-for-stm32.7-2018-q2-update.win32_1.5.0.202011040924/tools/bin/../lib/gcc/arm-none-eabi/7.3.1/../../../../arm-none-eabi/lib/thumb/v6-m\libc_nano.a(lib_a-mlock.o)
                0x000000000800eb62                __malloc_unlock
 .text._free_r  0x000000000800eb64       0x94 c:/st/stm32cubeide_1.5.1/stm32cubeide/plugins/com.st.stm32cube.ide.mcu.externaltools.gnu-tools-for-stm32.7-2018-q2-update.win32_1.5.0.202011040924/tools/bin/../lib/gcc/arm-none-eabi/7.3.1/../../../../arm-none-eabi/lib/thumb/v6-m\libc_nano.a(lib_a-nano-freer.o)
                0x000000000800eb64                _free_r
 .text.__ssputs_r
                0x000000000800ebf8       0xc4 c:/st/stm32cubeide_1.5.1/stm32cubeide/plugins/com.st.stm32cube.ide.mcu.externaltools.gnu-tools-for-stm32.7-2018-q2-update.win32_1.5.0.202011040924/tools/bin/../lib/gcc/arm-none-eabi/7.3.1/../../../../arm-none-eabi/lib/thumb/v6-m\libc_nano.a(lib_a-nano-svfprintf.o)
                0x000000000800ebf8                __ssputs_r
 .text._svfprintf_r
                0x000000000800ecbc      0x1fc c:/st/stm32cubeide_1.5.1/stm32cubeide/plugins/com.st.stm32cube.ide.mcu.externaltools.gnu-tools-for-stm32.7-2018-q2-update.win32_1.5.0.202011040924/tools/bin/../lib/gcc/arm-none-eabi/7.3.1/../../../../arm-none-eabi/lib/thumb/v6-m\libc_nano.a(lib_a-nano-svfprintf.o)
                0x000000000800ecbc                _svfiprintf_r
                0x000000000800ecbc                _svfprintf_r
 .text._printf_common
                0x000000000800eeb8       0xda c:/st/stm32cubeide_1.5.1/stm32cubeide/plugins/com.st.stm32cube.ide.mcu.externaltools.gnu-tools-for-stm32.7-2018-q2-update.win32_1.5.0.202011040924/tools/bin/../lib/gcc/arm-none-eabi/7.3.1/../../../../arm-none-eabi/lib/thumb/v6-m\libc_nano.a(lib_a-nano-vfprintf_i.o)
                0x000000000800eeb8                _printf_common
 *fill*         0x000000000800ef92        0x2 
 .text._printf_i
                0x000000000800ef94      0x210 c:/st/stm32cubeide_1.5.1/stm32cubeide/plugins/com.st.stm32cube.ide.mcu.externaltools.gnu-tools-for-stm32.7-2018-q2-update.win32_1.5.0.202011040924/tools/bin/../lib/gcc/arm-none-eabi/7.3.1/../../../../arm-none-eabi/lib/thumb/v6-m\libc_nano.a(lib_a-nano-vfprintf_i.o)
                0x000000000800ef94                _printf_i
 .text.memchr   0x000000000800f1a4       0x16 c:/st/stm32cubeide_1.5.1/stm32cubeide/plugins/com.st.stm32cube.ide.mcu.externaltools.gnu-tools-for-stm32.7-2018-q2-update.win32_1.5.0.202011040924/tools/bin/../lib/gcc/arm-none-eabi/7.3.1/../../../../arm-none-eabi/lib/thumb/v6-m\libc_nano.a(lib_a-memchr-stub.o)
                0x000000000800f1a4                memchr
 .text._realloc_r
                0x000000000800f1ba       0x4c c:/st/stm32cubeide_1.5.1/stm32cubeide/plugins/com.st.stm32cube.ide.mcu.externaltools.gnu-tools-for-stm32.7-2018-q2-update.win32_1.5.0.202011040924/tools/bin/../lib/gcc/arm-none-eabi/7.3.1/../../../../arm-none-eabi/lib/thumb/v6-m\libc_nano.a(lib_a-nano-reallocr.o)
                0x000000000800f1ba                _realloc_r
 .text._malloc_usable_size_r
                0x000000000800f206       0x10 c:/st/stm32cubeide_1.5.1/stm32cubeide/plugins/com.st.stm32cube.ide.mcu.externaltools.gnu-tools-for-stm32.7-2018-q2-update.win32_1.5.0.202011040924/tools/bin/../lib/gcc/arm-none-eabi/7.3.1/../../../../arm-none-eabi/lib/thumb/v6-m\libc_nano.a(lib_a-nano-msizer.o)
                0x000000000800f206                _malloc_usable_size_r
 *(.glue_7)
 .glue_7        0x000000000800f216        0x0 linker stubs
 *(.glue_7t)
 .glue_7t       0x000000000800f216        0x0 linker stubs
 *(.eh_frame)
 *fill*         0x000000000800f216        0x2 
 .eh_frame      0x000000000800f218        0x0 c:/st/stm32cubeide_1.5.1/stm32cubeide/plugins/com.st.stm32cube.ide.mcu.externaltools.gnu-tools-for-stm32.7-2018-q2-update.win32_1.5.0.202011040924/tools/bin/../lib/gcc/arm-none-eabi/7.3.1/thumb/v6-m/crtbegin.o
 *(.init)
 .init          0x000000000800f218        0x4 c:/st/stm32cubeide_1.5.1/stm32cubeide/plugins/com.st.stm32cube.ide.mcu.externaltools.gnu-tools-for-stm32.7-2018-q2-update.win32_1.5.0.202011040924/tools/bin/../lib/gcc/arm-none-eabi/7.3.1/thumb/v6-m/crti.o
                0x000000000800f218                _init
 .init          0x000000000800f21c        0x8 c:/st/stm32cubeide_1.5.1/stm32cubeide/plugins/com.st.stm32cube.ide.mcu.externaltools.gnu-tools-for-stm32.7-2018-q2-update.win32_1.5.0.202011040924/tools/bin/../lib/gcc/arm-none-eabi/7.3.1/thumb/v6-m/crtn.o
 *(.fini)
 .fini          0x000000000800f224        0x4 c:/st/stm32cubeide_1.5.1/stm32cubeide/plugins/com.st.stm32cube.ide.mcu.externaltools.gnu-tools-for-stm32.7-2018-q2-update.win32_1.5.0.202011040924/tools/bin/../lib/gcc/arm-none-eabi/7.3.1/thumb/v6-m/crti.o
                0x000000000800f224                _fini
 .fini          0x000000000800f228        0x8 c:/st/stm32cubeide_1.5.1/stm32cubeide/plugins/com.st.stm32cube.ide.mcu.externaltools.gnu-tools-for-stm32.7-2018-q2-update.win32_1.5.0.202011040924/tools/bin/../lib/gcc/arm-none-eabi/7.3.1/thumb/v6-m/crtn.o
                0x000000000800f230                . = ALIGN (0x4)
                0x000000000800f230                _etext = .

.vfp11_veneer   0x000000000800f230        0x0
 .vfp11_veneer  0x000000000800f230        0x0 linker stubs

.v4_bx          0x000000000800f230        0x0
 .v4_bx         0x000000000800f230        0x0 linker stubs

.iplt           0x000000000800f230        0x0
 .iplt          0x000000000800f230        0x0 c:/st/stm32cubeide_1.5.1/stm32cubeide/plugins/com.st.stm32cube.ide.mcu.externaltools.gnu-tools-for-stm32.7-2018-q2-update.win32_1.5.0.202011040924/tools/bin/../lib/gcc/arm-none-eabi/7.3.1/thumb/v6-m/crtbegin.o

.rodata         0x000000000800f230      0xd04
                0x000000000800f230                . = ALIGN (0x4)
 *(.rodata)
 .rodata        0x000000000800f230       0xe6 Core/Src/main.o
 *fill*         0x000000000800f316        0x2 
 .rodata        0x000000000800f318       0x20 Drivers/STM32F0xx_HAL_Driver/Src/stm32f0xx_hal_rcc.o
 .rodata        0x000000000800f338        0x5 Middlewares/Third_Party/FreeRTOS/Source/tasks.o
 *fill*         0x000000000800f33d        0x3 
 .rodata        0x000000000800f340        0xd Middlewares/Third_Party/FreeRTOS/Source/timers.o
 *fill*         0x000000000800f34d        0x3 
 .rodata        0x000000000800f350       0x80 c:/st/stm32cubeide_1.5.1/stm32cubeide/plugins/com.st.stm32cube.ide.mcu.externaltools.gnu-tools-for-stm32.7-2018-q2-update.win32_1.5.0.202011040924/tools/bin/../lib/gcc/arm-none-eabi/7.3.1/thumb/v6-m\libgcc.a(divsf3.o)
 .rodata        0x000000000800f3d0       0x40 c:/st/stm32cubeide_1.5.1/stm32cubeide/plugins/com.st.stm32cube.ide.mcu.externaltools.gnu-tools-for-stm32.7-2018-q2-update.win32_1.5.0.202011040924/tools/bin/../lib/gcc/arm-none-eabi/7.3.1/thumb/v6-m\libgcc.a(mulsf3.o)
 .rodata        0x000000000800f410       0x40 c:/st/stm32cubeide_1.5.1/stm32cubeide/plugins/com.st.stm32cube.ide.mcu.externaltools.gnu-tools-for-stm32.7-2018-q2-update.win32_1.5.0.202011040924/tools/bin/../lib/gcc/arm-none-eabi/7.3.1/thumb/v6-m\libgcc.a(divdf3.o)
 .rodata        0x000000000800f450       0x40 c:/st/stm32cubeide_1.5.1/stm32cubeide/plugins/com.st.stm32cube.ide.mcu.externaltools.gnu-tools-for-stm32.7-2018-q2-update.win32_1.5.0.202011040924/tools/bin/../lib/gcc/arm-none-eabi/7.3.1/thumb/v6-m\libgcc.a(muldf3.o)
 *(.rodata*)
 .rodata.defaultTask_attributes
                0x000000000800f490       0x24 Core/Src/main.o
                0x000000000800f490                defaultTask_attributes
 .rodata.uart_rx_attributes
                0x000000000800f4b4       0x24 Core/Src/main.o
                0x000000000800f4b4                uart_rx_attributes
 .rodata.adc_attributes
                0x000000000800f4d8       0x24 Core/Src/main.o
                0x000000000800f4d8                adc_attributes
 .rodata.stepper_attributes
                0x000000000800f4fc       0x24 Core/Src/main.o
                0x000000000800f4fc                stepper_attributes
 .rodata.servo_attributes
                0x000000000800f520       0x24 Core/Src/main.o
                0x000000000800f520                servo_attributes
 .rodata.enviar_estado_attributes
                0x000000000800f544       0x24 Core/Src/main.o
                0x000000000800f544                enviar_estado_attributes
 .rodata.enviar_tmp_attributes
                0x000000000800f568       0x24 Core/Src/main.o
                0x000000000800f568                enviar_tmp_attributes
 .rodata.oled_attributes
                0x000000000800f58c       0x24 Core/Src/main.o
                0x000000000800f58c                oled_attributes
 .rodata.CAN_remote_attributes
                0x000000000800f5b0       0x24 Core/Src/main.o
                0x000000000800f5b0                CAN_remote_attributes
 .rodata.uart_rx_queue_attributes
                0x000000000800f5d4       0x18 Core/Src/main.o
                0x000000000800f5d4                uart_rx_queue_attributes
 .rodata.uart_tx_sem_attributes
                0x000000000800f5ec       0x10 Core/Src/main.o
                0x000000000800f5ec                uart_tx_sem_attributes
 .rodata.CAN_sem_attributes
                0x000000000800f5fc       0x10 Core/Src/main.o
                0x000000000800f5fc                CAN_sem_attributes
 .rodata.uart_rx_task
                0x000000000800f60c       0xd0 Core/Src/main.o
 .rodata.servo_Task
                0x000000000800f6dc       0x18 Core/Src/main.o
 .rodata.Font7x10
                0x000000000800f6f4      0x76c Core/Src/ssd1306_fonts.o
 .rodata.AHBPrescTable
                0x000000000800fe60       0x10 Core/Src/system_stm32f0xx.o
                0x000000000800fe60                AHBPrescTable
 .rodata.APBPrescTable
                0x000000000800fe70        0x8 Core/Src/system_stm32f0xx.o
                0x000000000800fe70                APBPrescTable
 .rodata.prvProcessReceivedCommands
                0x000000000800fe78       0x28 Middlewares/Third_Party/FreeRTOS/Source/timers.o
 .rodata.__sf_fake_stderr
                0x000000000800fea0       0x20 c:/st/stm32cubeide_1.5.1/stm32cubeide/plugins/com.st.stm32cube.ide.mcu.externaltools.gnu-tools-for-stm32.7-2018-q2-update.win32_1.5.0.202011040924/tools/bin/../lib/gcc/arm-none-eabi/7.3.1/../../../../arm-none-eabi/lib/thumb/v6-m\libc_nano.a(lib_a-findfp.o)
                0x000000000800fea0                __sf_fake_stderr
 .rodata.__sf_fake_stdin
                0x000000000800fec0       0x20 c:/st/stm32cubeide_1.5.1/stm32cubeide/plugins/com.st.stm32cube.ide.mcu.externaltools.gnu-tools-for-stm32.7-2018-q2-update.win32_1.5.0.202011040924/tools/bin/../lib/gcc/arm-none-eabi/7.3.1/../../../../arm-none-eabi/lib/thumb/v6-m\libc_nano.a(lib_a-findfp.o)
                0x000000000800fec0                __sf_fake_stdin
 .rodata.__sf_fake_stdout
                0x000000000800fee0       0x20 c:/st/stm32cubeide_1.5.1/stm32cubeide/plugins/com.st.stm32cube.ide.mcu.externaltools.gnu-tools-for-stm32.7-2018-q2-update.win32_1.5.0.202011040924/tools/bin/../lib/gcc/arm-none-eabi/7.3.1/../../../../arm-none-eabi/lib/thumb/v6-m\libc_nano.a(lib_a-findfp.o)
                0x000000000800fee0                __sf_fake_stdout
 .rodata._svfprintf_r.str1.1
                0x000000000800ff00       0x11 c:/st/stm32cubeide_1.5.1/stm32cubeide/plugins/com.st.stm32cube.ide.mcu.externaltools.gnu-tools-for-stm32.7-2018-q2-update.win32_1.5.0.202011040924/tools/bin/../lib/gcc/arm-none-eabi/7.3.1/../../../../arm-none-eabi/lib/thumb/v6-m\libc_nano.a(lib_a-nano-svfprintf.o)
 .rodata._printf_i.str1.1
                0x000000000800ff11       0x22 c:/st/stm32cubeide_1.5.1/stm32cubeide/plugins/com.st.stm32cube.ide.mcu.externaltools.gnu-tools-for-stm32.7-2018-q2-update.win32_1.5.0.202011040924/tools/bin/../lib/gcc/arm-none-eabi/7.3.1/../../../../arm-none-eabi/lib/thumb/v6-m\libc_nano.a(lib_a-nano-vfprintf_i.o)
                0x000000000800ff34                . = ALIGN (0x4)
 *fill*         0x000000000800ff33        0x1 

.rel.dyn        0x000000000800ff34        0x0
 .rel.iplt      0x000000000800ff34        0x0 c:/st/stm32cubeide_1.5.1/stm32cubeide/plugins/com.st.stm32cube.ide.mcu.externaltools.gnu-tools-for-stm32.7-2018-q2-update.win32_1.5.0.202011040924/tools/bin/../lib/gcc/arm-none-eabi/7.3.1/thumb/v6-m/crtbegin.o

.ARM.extab      0x000000000800ff34        0x0
                0x000000000800ff34                . = ALIGN (0x4)
 *(.ARM.extab* .gnu.linkonce.armextab.*)
                0x000000000800ff34                . = ALIGN (0x4)

.ARM            0x000000000800ff34        0x0
                0x000000000800ff34                . = ALIGN (0x4)
                0x000000000800ff34                __exidx_start = .
 *(.ARM.exidx*)
                0x000000000800ff34                __exidx_end = .
                0x000000000800ff34                . = ALIGN (0x4)

.preinit_array  0x000000000800ff34        0x0
                0x000000000800ff34                . = ALIGN (0x4)
                0x000000000800ff34                PROVIDE (__preinit_array_start = .)
 *(.preinit_array*)
                0x000000000800ff34                PROVIDE (__preinit_array_end = .)
                0x000000000800ff34                . = ALIGN (0x4)

.init_array     0x000000000800ff34        0x4
                0x000000000800ff34                . = ALIGN (0x4)
                0x000000000800ff34                PROVIDE (__init_array_start = .)
 *(SORT_BY_NAME(.init_array.*))
 *(.init_array*)
 .init_array    0x000000000800ff34        0x4 c:/st/stm32cubeide_1.5.1/stm32cubeide/plugins/com.st.stm32cube.ide.mcu.externaltools.gnu-tools-for-stm32.7-2018-q2-update.win32_1.5.0.202011040924/tools/bin/../lib/gcc/arm-none-eabi/7.3.1/thumb/v6-m/crtbegin.o
                0x000000000800ff38                PROVIDE (__init_array_end = .)
                0x000000000800ff38                . = ALIGN (0x4)

.fini_array     0x000000000800ff38        0x4
                0x000000000800ff38                . = ALIGN (0x4)
                [!provide]                        PROVIDE (__fini_array_start = .)
 *(SORT_BY_NAME(.fini_array.*))
 *(.fini_array*)
 .fini_array    0x000000000800ff38        0x4 c:/st/stm32cubeide_1.5.1/stm32cubeide/plugins/com.st.stm32cube.ide.mcu.externaltools.gnu-tools-for-stm32.7-2018-q2-update.win32_1.5.0.202011040924/tools/bin/../lib/gcc/arm-none-eabi/7.3.1/thumb/v6-m/crtbegin.o
                [!provide]                        PROVIDE (__fini_array_end = .)
                0x000000000800ff3c                . = ALIGN (0x4)
                0x000000000800ff3c                _sidata = LOADADDR (.data)

.data           0x0000000020000000       0x94 load address 0x000000000800ff3c
                0x0000000020000000                . = ALIGN (0x4)
                0x0000000020000000                _sdata = .
 *(.data)
 *(.data*)
 .data.tmp_velocidad
                0x0000000020000000        0x4 Core/Src/main.o
                0x0000000020000000                tmp_velocidad
 .data.espera   0x0000000020000004        0x4 Core/Src/main.o
                0x0000000020000004                espera
 .data.ccr      0x0000000020000008        0x4 Core/Src/main.o
                0x0000000020000008                ccr
 .data.estado   0x000000002000000c        0x4 Core/Src/main.o
                0x000000002000000c                estado
 .data.periodo  0x0000000020000010        0x4 Core/Src/main.o
                0x0000000020000010                periodo
 .data.direccion
                0x0000000020000014        0x1 Core/Src/main.o
                0x0000000020000014                direccion
 *fill*         0x0000000020000015        0x3 
 .data.periodo_TEMP
                0x0000000020000018        0x4 Core/Src/main.o
                0x0000000020000018                periodo_TEMP
 .data.Font_7x10
                0x000000002000001c        0x8 Core/Src/ssd1306_fonts.o
                0x000000002000001c                Font_7x10
 .data.SystemCoreClock
                0x0000000020000024        0x4 Core/Src/system_stm32f0xx.o
                0x0000000020000024                SystemCoreClock
 .data.uwTickFreq
                0x0000000020000028        0x1 Drivers/STM32F0xx_HAL_Driver/Src/stm32f0xx_hal.o
                0x0000000020000028                uwTickFreq
 *fill*         0x0000000020000029        0x3 
 .data.uxCriticalNesting
                0x000000002000002c        0x4 Middlewares/Third_Party/FreeRTOS/Source/portable/GCC/ARM_CM0/port.o
 .data._impure_ptr
                0x0000000020000030        0x4 c:/st/stm32cubeide_1.5.1/stm32cubeide/plugins/com.st.stm32cube.ide.mcu.externaltools.gnu-tools-for-stm32.7-2018-q2-update.win32_1.5.0.202011040924/tools/bin/../lib/gcc/arm-none-eabi/7.3.1/../../../../arm-none-eabi/lib/thumb/v6-m\libc_nano.a(lib_a-impure.o)
                0x0000000020000030                _impure_ptr
 .data.impure_data
                0x0000000020000034       0x60 c:/st/stm32cubeide_1.5.1/stm32cubeide/plugins/com.st.stm32cube.ide.mcu.externaltools.gnu-tools-for-stm32.7-2018-q2-update.win32_1.5.0.202011040924/tools/bin/../lib/gcc/arm-none-eabi/7.3.1/../../../../arm-none-eabi/lib/thumb/v6-m\libc_nano.a(lib_a-impure.o)
 *(.RamFunc)
 *(.RamFunc*)
                0x0000000020000094                . = ALIGN (0x4)
                0x0000000020000094                _edata = .

.igot.plt       0x0000000020000094        0x0 load address 0x000000000800ffd0
 .igot.plt      0x0000000020000094        0x0 c:/st/stm32cubeide_1.5.1/stm32cubeide/plugins/com.st.stm32cube.ide.mcu.externaltools.gnu-tools-for-stm32.7-2018-q2-update.win32_1.5.0.202011040924/tools/bin/../lib/gcc/arm-none-eabi/7.3.1/thumb/v6-m/crtbegin.o
                0x0000000020000094                . = ALIGN (0x4)

.bss            0x0000000020000094     0x347c load address 0x000000000800ffd0
                0x0000000020000094                _sbss = .
                0x0000000020000094                __bss_start__ = _sbss
 *(.bss)
 .bss           0x0000000020000094       0x1c c:/st/stm32cubeide_1.5.1/stm32cubeide/plugins/com.st.stm32cube.ide.mcu.externaltools.gnu-tools-for-stm32.7-2018-q2-update.win32_1.5.0.202011040924/tools/bin/../lib/gcc/arm-none-eabi/7.3.1/thumb/v6-m/crtbegin.o
 *(.bss*)
 .bss.flag_man_remota
                0x00000000200000b0        0x1 Core/Src/main.o
                0x00000000200000b0                flag_man_remota
 .bss.info      0x00000000200000b1        0x1 Core/Src/main.o
                0x00000000200000b1                info
 .bss.activar_remota
                0x00000000200000b2        0x1 Core/Src/main.o
                0x00000000200000b2                activar_remota
 *fill*         0x00000000200000b3        0x1 
 .bss.SSD1306_Buffer
                0x00000000200000b4      0x400 Core/Src/ssd1306.o
 .bss.SSD1306   0x00000000200004b4        0x6 Core/Src/ssd1306.o
 *fill*         0x00000000200004ba        0x2 
 .bss.__sbrk_heap_end
                0x00000000200004bc        0x4 Core/Src/sysmem.o
 .bss.KernelState
                0x00000000200004c0        0x4 Middlewares/Third_Party/FreeRTOS/Source/CMSIS_RTOS_V2/cmsis_os2.o
 .bss.Idle_TCB  0x00000000200004c4       0xbc Middlewares/Third_Party/FreeRTOS/Source/CMSIS_RTOS_V2/cmsis_os2.o
 .bss.Idle_Stack
                0x0000000020000580      0x200 Middlewares/Third_Party/FreeRTOS/Source/CMSIS_RTOS_V2/cmsis_os2.o
 .bss.Timer_TCB
                0x0000000020000780       0xbc Middlewares/Third_Party/FreeRTOS/Source/CMSIS_RTOS_V2/cmsis_os2.o
 .bss.Timer_Stack
                0x000000002000083c      0x400 Middlewares/Third_Party/FreeRTOS/Source/CMSIS_RTOS_V2/cmsis_os2.o
 .bss.pxCurrentTCB
                0x0000000020000c3c        0x4 Middlewares/Third_Party/FreeRTOS/Source/tasks.o
                0x0000000020000c3c                pxCurrentTCB
 .bss.pxReadyTasksLists
                0x0000000020000c40      0x460 Middlewares/Third_Party/FreeRTOS/Source/tasks.o
 .bss.xDelayedTaskList1
                0x00000000200010a0       0x14 Middlewares/Third_Party/FreeRTOS/Source/tasks.o
 .bss.xDelayedTaskList2
                0x00000000200010b4       0x14 Middlewares/Third_Party/FreeRTOS/Source/tasks.o
 .bss.pxDelayedTaskList
                0x00000000200010c8        0x4 Middlewares/Third_Party/FreeRTOS/Source/tasks.o
 .bss.pxOverflowDelayedTaskList
                0x00000000200010cc        0x4 Middlewares/Third_Party/FreeRTOS/Source/tasks.o
 .bss.xPendingReadyList
                0x00000000200010d0       0x14 Middlewares/Third_Party/FreeRTOS/Source/tasks.o
 .bss.xTasksWaitingTermination
                0x00000000200010e4       0x14 Middlewares/Third_Party/FreeRTOS/Source/tasks.o
 .bss.uxDeletedTasksWaitingCleanUp
                0x00000000200010f8        0x4 Middlewares/Third_Party/FreeRTOS/Source/tasks.o
 .bss.xSuspendedTaskList
                0x00000000200010fc       0x14 Middlewares/Third_Party/FreeRTOS/Source/tasks.o
 .bss.uxCurrentNumberOfTasks
                0x0000000020001110        0x4 Middlewares/Third_Party/FreeRTOS/Source/tasks.o
 .bss.xTickCount
                0x0000000020001114        0x4 Middlewares/Third_Party/FreeRTOS/Source/tasks.o
 .bss.uxTopReadyPriority
                0x0000000020001118        0x4 Middlewares/Third_Party/FreeRTOS/Source/tasks.o
 .bss.xSchedulerRunning
                0x000000002000111c        0x4 Middlewares/Third_Party/FreeRTOS/Source/tasks.o
 .bss.uxPendedTicks
                0x0000000020001120        0x4 Middlewares/Third_Party/FreeRTOS/Source/tasks.o
 .bss.xYieldPending
                0x0000000020001124        0x4 Middlewares/Third_Party/FreeRTOS/Source/tasks.o
 .bss.xNumOfOverflows
                0x0000000020001128        0x4 Middlewares/Third_Party/FreeRTOS/Source/tasks.o
 .bss.uxTaskNumber
                0x000000002000112c        0x4 Middlewares/Third_Party/FreeRTOS/Source/tasks.o
 .bss.xNextTaskUnblockTime
                0x0000000020001130        0x4 Middlewares/Third_Party/FreeRTOS/Source/tasks.o
 .bss.xIdleTaskHandle
                0x0000000020001134        0x4 Middlewares/Third_Party/FreeRTOS/Source/tasks.o
 .bss.uxSchedulerSuspended
                0x0000000020001138        0x4 Middlewares/Third_Party/FreeRTOS/Source/tasks.o
 .bss.xActiveTimerList1
                0x000000002000113c       0x14 Middlewares/Third_Party/FreeRTOS/Source/timers.o
 .bss.xActiveTimerList2
                0x0000000020001150       0x14 Middlewares/Third_Party/FreeRTOS/Source/timers.o
 .bss.pxCurrentTimerList
                0x0000000020001164        0x4 Middlewares/Third_Party/FreeRTOS/Source/timers.o
 .bss.pxOverflowTimerList
                0x0000000020001168        0x4 Middlewares/Third_Party/FreeRTOS/Source/timers.o
 .bss.xTimerQueue
                0x000000002000116c        0x4 Middlewares/Third_Party/FreeRTOS/Source/timers.o
 .bss.xTimerTaskHandle
                0x0000000020001170        0x4 Middlewares/Third_Party/FreeRTOS/Source/timers.o
 .bss.xLastTime.5524
                0x0000000020001174        0x4 Middlewares/Third_Party/FreeRTOS/Source/timers.o
 .bss.ucStaticTimerQueueStorage.5575
                0x0000000020001178       0xa0 Middlewares/Third_Party/FreeRTOS/Source/timers.o
 .bss.xStaticTimerQueue.5574
                0x0000000020001218       0x50 Middlewares/Third_Party/FreeRTOS/Source/timers.o
 .bss.ucHeap    0x0000000020001268     0x1f40 Middlewares/Third_Party/FreeRTOS/Source/portable/MemMang/heap_4.o
 .bss.xStart    0x00000000200031a8        0x8 Middlewares/Third_Party/FreeRTOS/Source/portable/MemMang/heap_4.o
 .bss.pxEnd     0x00000000200031b0        0x4 Middlewares/Third_Party/FreeRTOS/Source/portable/MemMang/heap_4.o
 .bss.xFreeBytesRemaining
                0x00000000200031b4        0x4 Middlewares/Third_Party/FreeRTOS/Source/portable/MemMang/heap_4.o
 .bss.xMinimumEverFreeBytesRemaining
                0x00000000200031b8        0x4 Middlewares/Third_Party/FreeRTOS/Source/portable/MemMang/heap_4.o
 .bss.xBlockAllocatedBit
                0x00000000200031bc        0x4 Middlewares/Third_Party/FreeRTOS/Source/portable/MemMang/heap_4.o
 .bss.__malloc_free_list